Component: ARM Compiler 5.06 update 6 (build 750) Tool: armlink [4d35ed]

==============================================================================

Section Cross References

    startup_stm32f103xb.o(STACK) refers (Special) to heapauxi.o(.text) for __use_two_region_memory
    startup_stm32f103xb.o(HEAP) refers (Special) to heapauxi.o(.text) for __use_two_region_memory
    startup_stm32f103xb.o(RESET) refers (Special) to heapauxi.o(.text) for __use_two_region_memory
    startup_stm32f103xb.o(RESET) refers to startup_stm32f103xb.o(STACK) for __initial_sp
    startup_stm32f103xb.o(RESET) refers to startup_stm32f103xb.o(.text) for Reset_Handler
    startup_stm32f103xb.o(RESET) refers to stm32f1xx_it.o(i.NMI_Handler) for NMI_Handler
    startup_stm32f103xb.o(RESET) refers to stm32f1xx_it.o(i.HardFault_Handler) for HardFault_Handler
    startup_stm32f103xb.o(RESET) refers to stm32f1xx_it.o(i.MemManage_Handler) for MemManage_Handler
    startup_stm32f103xb.o(RESET) refers to stm32f1xx_it.o(i.BusFault_Handler) for BusFault_Handler
    startup_stm32f103xb.o(RESET) refers to stm32f1xx_it.o(i.UsageFault_Handler) for UsageFault_Handler
    startup_stm32f103xb.o(RESET) refers to stm32f1xx_it.o(i.SVC_Handler) for SVC_Handler
    startup_stm32f103xb.o(RESET) refers to stm32f1xx_it.o(i.DebugMon_Handler) for DebugMon_Handler
    startup_stm32f103xb.o(RESET) refers to stm32f1xx_it.o(i.PendSV_Handler) for PendSV_Handler
    startup_stm32f103xb.o(RESET) refers to stm32f1xx_it.o(i.SysTick_Handler) for SysTick_Handler
    startup_stm32f103xb.o(RESET) refers to stm32f1xx_it.o(i.DMA1_Channel5_IRQHandler) for DMA1_Channel5_IRQHandler
    startup_stm32f103xb.o(RESET) refers to stm32f1xx_it.o(i.USART1_IRQHandler) for USART1_IRQHandler
    startup_stm32f103xb.o(RESET) refers to stm32f1xx_it.o(i.EXTI15_10_IRQHandler) for EXTI15_10_IRQHandler
    startup_stm32f103xb.o(.text) refers (Special) to heapauxi.o(.text) for __use_two_region_memory
    startup_stm32f103xb.o(.text) refers to system_stm32f1xx.o(i.SystemInit) for SystemInit
    startup_stm32f103xb.o(.text) refers to __main.o(!!!main) for __main
    startup_stm32f103xb.o(.text) refers to startup_stm32f103xb.o(HEAP) for Heap_Mem
    startup_stm32f103xb.o(.text) refers to startup_stm32f103xb.o(STACK) for Stack_Mem
    main.o(i.SystemClock_Config) refers to rt_memclr_w.o(.text) for __aeabi_memclr4
    main.o(i.SystemClock_Config) refers to stm32f1xx_hal_rcc.o(i.HAL_RCC_OscConfig) for HAL_RCC_OscConfig
    main.o(i.SystemClock_Config) refers to stm32f1xx_hal_rcc.o(i.HAL_RCC_ClockConfig) for HAL_RCC_ClockConfig
    main.o(i.SystemClock_Config) refers to stm32f1xx_hal_rcc_ex.o(i.HAL_RCCEx_PeriphCLKConfig) for HAL_RCCEx_PeriphCLKConfig
    main.o(i.main) refers to _printf_percent.o(.ARM.Collect$$_printf_percent$$00000000) for _printf_percent
    main.o(i.main) refers to _printf_f.o(.ARM.Collect$$_printf_percent$$00000003) for _printf_f
    main.o(i.main) refers to printf1.o(x$fpl$printf1) for _printf_fp_dec
    main.o(i.main) refers to rt_memclr_w.o(.text) for __aeabi_memclr4
    main.o(i.main) refers to stm32f1xx_hal.o(i.HAL_Init) for HAL_Init
    main.o(i.main) refers to main.o(i.SystemClock_Config) for SystemClock_Config
    main.o(i.main) refers to gpio.o(i.MX_GPIO_Init) for MX_GPIO_Init
    main.o(i.main) refers to dma.o(i.MX_DMA_Init) for MX_DMA_Init
    main.o(i.main) refers to adc.o(i.MX_ADC1_Init) for MX_ADC1_Init
    main.o(i.main) refers to adc.o(i.MX_ADC2_Init) for MX_ADC2_Init
    main.o(i.main) refers to usart.o(i.MX_USART1_UART_Init) for MX_USART1_UART_Init
    main.o(i.main) refers to oled.o(i.OLED_Init) for OLED_Init
    main.o(i.main) refers to oled.o(i.OLED_ColorTurn) for OLED_ColorTurn
    main.o(i.main) refers to oled.o(i.OLED_DisplayTurn) for OLED_DisplayTurn
    main.o(i.main) refers to oled.o(i.OLED_Clear) for OLED_Clear
    main.o(i.main) refers to esp8266.o(i.start_esp8266) for start_esp8266
    main.o(i.main) refers to esp8266.o(i.handle_esp8266) for handle_esp8266
    main.o(i.main) refers to stm32f1xx_hal_adc.o(i.HAL_ADC_Start) for HAL_ADC_Start
    main.o(i.main) refers to stm32f1xx_hal_adc.o(i.HAL_ADC_PollForConversion) for HAL_ADC_PollForConversion
    main.o(i.main) refers to stm32f1xx_hal_adc.o(i.HAL_ADC_GetValue) for HAL_ADC_GetValue
    main.o(i.main) refers to dflt_clz.o(x$fpl$dfltu) for __aeabi_ui2d
    main.o(i.main) refers to dmul.o(x$fpl$dmul) for __aeabi_dmul
    main.o(i.main) refers to scalbn.o(x$fpl$scalbn) for __ARM_scalbn
    main.o(i.main) refers to d2f.o(x$fpl$d2f) for __aeabi_d2f
    main.o(i.main) refers to f2d.o(x$fpl$f2d) for __aeabi_f2d
    main.o(i.main) refers to noretval__2sprintf.o(.text) for __2sprintf
    main.o(i.main) refers to oled.o(i.OLED_ShowString) for OLED_ShowString
    main.o(i.main) refers to oled.o(i.OLED_Refresh) for OLED_Refresh
    main.o(i.main) refers to esp8266.o(i.send_wifi) for send_wifi
    main.o(i.main) refers to dht11.o(i.DHT11) for DHT11
[...]
    .text                                    0x08000b44   Section        0  bigflt0.o(.text)
    .text                                    0x08000c28   Section        8  libspace.o(.text)
    .text                                    0x08000c30   Section       74  sys_stackheap_outer.o(.text)
    .text                                    0x08000c7a   Section        0  exit.o(.text)
    .text                                    0x08000c8c   Section      128  strcmpv7m.o(.text)
    .text                                    0x08000d0c   Section        0  sys_exit.o(.text)
    .text                                    0x08000d18   Section        2  use_no_semi.o(.text)
    .text                                    0x08000d1a   Section        0  indicate_semi.o(.text)
    CL$$btod_d2e                             0x08000d1a   Section       62  btod.o(CL$$btod_d2e)
    CL$$btod_d2e_denorm_low                  0x08000d58   Section       70  btod.o(CL$$btod_d2e_denorm_low)
    CL$$btod_d2e_norm_op1                    0x08000d9e   Section       96  btod.o(CL$$btod_d2e_norm_op1)
    CL$$btod_div_common                      0x08000dfe   Section      824  btod.o(CL$$btod_div_common)
    CL$$btod_e2e                             0x08001136   Section      220  btod.o(CL$$btod_e2e)
    CL$$btod_ediv                            0x08001212   Section       42  btod.o(CL$$btod_ediv)
    CL$$btod_emul                            0x0800123c   Section       42  btod.o(CL$$btod_emul)
    CL$$btod_mult_common                     0x08001266   Section      580  btod.o(CL$$btod_mult_common)
    i.ADC_ConversionStop_Disable             0x080014ac   Section        0  stm32f1xx_hal_adc.o(i.ADC_ConversionStop_Disable)
    i.ADC_Enable                             0x08001504   Section        0  stm32f1xx_hal_adc.o(i.ADC_Enable)
    i.BusFault_Handler                       0x08001580   Section        0  stm32f1xx_it.o(i.BusFault_Handler)
    i.Coarse_delay_us                        0x08001584   Section        0  dht11.o(i.Coarse_delay_us)
    i.DHT11                                  0x080015a0   Section        0  dht11.o(i.DHT11)
    i.DHT11_Check                            0x080015b4   Section        0  dht11.o(i.DHT11_Check)
    i.DHT11_GPIO_MODE_SET                    0x080015d4   Section        0  dht11.o(i.DHT11_GPIO_MODE_SET)
    DHT11_GPIO_MODE_SET                      0x080015d5   Thumb Code    42  dht11.o(i.DHT11_GPIO_MODE_SET)
    i.DHT11_READ_BIT                         0x08001604   Section        0  dht11.o(i.DHT11_READ_BIT)
    i.DHT11_READ_BYTE                        0x08001640   Section        0  dht11.o(i.DHT11_READ_BYTE)
    i.DHT11_READ_DATA                        0x08001660   Section        0  dht11.o(i.DHT11_READ_DATA)
    i.DHT11_START                            0x08001774   Section        0  dht11.o(i.DHT11_START)
    i.DMA1_Channel5_IRQHandler               0x0800179c   Section        0  stm32f1xx_it.o(i.DMA1_Channel5_IRQHandler)
    i.DMA_SetConfig                          0x080017a8   Section        0  stm32f1xx_hal_dma.o(i.DMA_SetConfig)
    DMA_SetConfig                            0x080017a9   Thumb Code    42  stm32f1xx_hal_dma.o(i.DMA_SetConfig)
    i.DebugMon_Handler                       0x080017d2   Section        0  stm32f1xx_it.o(i.DebugMon_Handler)
    i.EXTI15_10_IRQHandler                   0x080017d4   Section        0  stm32f1xx_it.o(i.EXTI15_10_IRQHandler)
    i.Error_Handler                          0x080017f2   Section        0  main.o(i.Error_Handler)
    i.HAL_ADC_ConfigChannel                  0x080017f8   Section        0  stm32f1xx_hal_adc.o(i.HAL_ADC_ConfigChannel)
    i.HAL_ADC_GetValue                       0x080018f4   Section        0  stm32f1xx_hal_adc.o(i.HAL_ADC_GetValue)
    i.HAL_ADC_Init                           0x080018fc   Section        0  stm32f1xx_hal_adc.o(i.HAL_ADC_Init)
    i.HAL_ADC_MspInit                        0x08001a18   Section        0  adc.o(i.HAL_ADC_MspInit)
    i.HAL_ADC_PollForConversion              0x08001aac   Section        0  stm32f1xx_hal_adc.o(i.HAL_ADC_PollForConversion)
    i.HAL_ADC_Start                          0x08001be8   Section        0  stm32f1xx_hal_adc.o(i.HAL_ADC_Start)
    i.HAL_DMA_Abort                          0x08001ca8   Section        0  stm32f1xx_hal_dma.o(i.HAL_DMA_Abort)
    i.HAL_DMA_Abort_IT                       0x08001cf0   Section        0  stm32f1xx_hal_dma.o(i.HAL_DMA_Abort_IT)
    i.HAL_DMA_IRQHandler                     0x08001d88   Section        0  stm32f1xx_hal_dma.o(i.HAL_DMA_IRQHandler)
    i.HAL_DMA_Init                           0x08001edc   Section        0  stm32f1xx_hal_dma.o(i.HAL_DMA_Init)
    i.HAL_DMA_Start_IT                       0x08001f38   Section        0  stm32f1xx_hal_dma.o(i.HAL_DMA_Start_IT)
    i.HAL_Delay                              0x08001fa8   Section        0  stm32f1xx_hal.o(i.HAL_Delay)
    i.HAL_GPIO_EXTI_Callback                 0x08001fcc   Section        0  gpio.o(i.HAL_GPIO_EXTI_Callback)
    i.HAL_GPIO_EXTI_IRQHandler               0x08001ff4   Section        0  stm32f1xx_hal_gpio.o(i.HAL_GPIO_EXTI_IRQHandler)
    i.HAL_GPIO_Init                          0x0800200c   Section        0  stm32f1xx_hal_gpio.o(i.HAL_GPIO_Init)
    i.HAL_GPIO_ReadPin                       0x080021ec   Section        0  stm32f1xx_hal_gpio.o(i.HAL_GPIO_ReadPin)
    i.HAL_GPIO_TogglePin                     0x080021f6   Section        0  stm32f1xx_hal_gpio.o(i.HAL_GPIO_TogglePin)
    i.HAL_GPIO_WritePin                      0x08002206   Section        0  stm32f1xx_hal_gpio.o(i.HAL_GPIO_WritePin)
    i.HAL_GetTick                            0x08002210   Section        0  stm32f1xx_hal.o(i.HAL_GetTick)
    i.HAL_IncTick                            0x0800221c   Section        0  stm32f1xx_hal.o(i.HAL_IncTick)
    i.HAL_Init                               0x0800222c   Section        0  stm32f1xx_hal.o(i.HAL_Init)
    i.HAL_InitTick                           0x08002250   Section        0  stm32f1xx_hal.o(i.HAL_InitTick)
    i.HAL_MspInit                            0x08002290   Section        0  stm32f1xx_hal_msp.o(i.HAL_MspInit)
    i.HAL_NVIC_EnableIRQ                     0x080022cc   Section        0  stm32f1xx_hal_cortex.o(i.HAL_NVIC_EnableIRQ)
    i.HAL_NVIC_SetPriority                   0x080022e8   Section        0  stm32f1xx_hal_cortex.o(i.HAL_NVIC_SetPriority)
    i.HAL_NVIC_SetPriorityGrouping           0x08002328   Section        0  stm32f1xx_hal_cortex.o(i.HAL_NVIC_SetPriorityGrouping)
    i.HAL_RCCEx_GetPeriphCLKFreq             0x0800234c   Section        0  stm32f1xx_hal_rcc_ex.o(i.HAL_RCCEx_GetPeriphCLKFreq)
    i.HAL_RCCEx_PeriphCLKConfig              0x080023f0   Section        0  stm32f1xx_hal_rcc_ex.o(i.HAL_RCCEx_PeriphCLKConfig)
    i.HAL_RCC_ClockConfig                    0x080024dc   Section        0  stm32f1xx_hal_rcc.o(i.HAL_RCC_ClockConfig)
    i.HAL_RCC_GetHCLKFreq                    0x08002608   Section        0  stm32f1xx_hal_rcc.o(i.HAL_RCC_GetHCLKFreq)
    i.HAL_RCC_GetPCLK1Freq                   0x08002614   Section        0  stm32f1xx_hal_rcc.o(i.HAL_RCC_GetPCLK1Freq)
    i.HAL_RCC_GetPCLK2Freq                   0x08002634   Section        0  stm32f1xx_hal_rcc.o(i.HAL_RCC_GetPCLK2Freq)
    i.HAL_RCC_GetSysClockFreq                0x08002654   Section        0  stm32f1xx_hal_rcc.o(i.HAL_RCC_GetSysClockFreq)
    i.HAL_RCC_OscConfig                      0x080026a0   Section        0  stm32f1xx_hal_rcc.o(i.HAL_RCC_OscConfig)
    i.HAL_SYSTICK_Config                     0x080029c0   Section        0  stm32f1xx_hal_cortex.o(i.HAL_SYSTICK_Config)
    i.HAL_UARTEx_RxEventCallback             0x080029e8   Section        0  stm32f1xx_hal_uart.o(i.HAL_UARTEx_RxEventCallback)
    i.HAL_UART_DMAStop                       0x080029ea   Section        0  stm32f1xx_hal_uart.o(i.HAL_UART_DMAStop)
    i.HAL_UART_ErrorCallback                 0x08002a5a   Section        0  stm32f1xx_hal_uart.o(i.HAL_UART_ErrorCallback)
    i.HAL_UART_IRQHandler                    0x08002a5c   Section        0  stm32f1xx_hal_uart.o(i.HAL_UART_IRQHandler)
    i.HAL_UART_Init                          0x08002cc8   Section        0  stm32f1xx_hal_uart.o(i.HAL_UART_Init)
    i.HAL_UART_MspInit                       0x08002d2c   Section        0  usart.o(i.HAL_UART_MspInit)
    i.HAL_UART_Receive_DMA                   0x08002ddc   Section        0  stm32f1xx_hal_uart.o(i.HAL_UART_Receive_DMA)
    i.HAL_UART_RxCpltCallback                0x08002df8   Section        0  stm32f1xx_hal_uart.o(i.HAL_UART_RxCpltCallback)
    i.HAL_UART_RxHalfCpltCallback            0x08002dfa   Section        0  stm32f1xx_hal_uart.o(i.HAL_UART_RxHalfCpltCallback)
    i.HAL_UART_Transmit                      0x08002dfc   Section        0  stm32f1xx_hal_uart.o(i.HAL_UART_Transmit)
    i.HAL_UART_TxCpltCallback                0x08002e9c   Section        0  stm32f1xx_hal_uart.o(i.HAL_UART_TxCpltCallback)
    i.HardFault_Handler                      0x08002e9e   Section        0  stm32f1xx_it.o(i.HardFault_Handler)
    i.MX_ADC1_Init                           0x08002ea0   Section        0  adc.o(i.MX_ADC1_Init)
    i.MX_ADC2_Init                           0x08002ef0   Section        0  adc.o(i.MX_ADC2_Init)
    i.MX_DMA_Init                            0x08002f40   Section        0  dma.o(i.MX_DMA_Init)
    i.MX_GPIO_Init                           0x08002f6c   Section        0  gpio.o(i.MX_GPIO_Init)
    i.MX_USART1_UART_Init                    0x08003030   Section        0  usart.o(i.MX_USART1_UART_Init)
    i.MemManage_Handler                      0x08003068   Section        0  stm32f1xx_it.o(i.MemManage_Handler)
    i.NMI_Handler                            0x0800306a   Section        0  stm32f1xx_it.o(i.NMI_Handler)
    i.OLED_Clear                             0x0800306c   Section        0  oled.o(i.OLED_Clear)
    i.OLED_ColorTurn                         0x08003098   Section        0  oled.o(i.OLED_ColorTurn)
    i.OLED_DisplayTurn                       0x080030b0   Section        0  oled.o(i.OLED_DisplayTurn)
    i.OLED_DrawPoint                         0x080030dc   Section        0  oled.o(i.OLED_DrawPoint)
    i.OLED_Init                              0x08003108   Section        0  oled.o(i.OLED_Init)
    i.OLED_Refresh                           0x08003214   Section        0  oled.o(i.OLED_Refresh)
    i.OLED_ShowChar                          0x08003260   Section        0  oled.o(i.OLED_ShowChar)
    i.OLED_ShowString                        0x08003344   Section        0  oled.o(i.OLED_ShowString)
    i.OLED_WR_Byte                           0x08003380   Section        0  oled.o(i.OLED_WR_Byte)
    i.PendSV_Handler                         0x080033f0   Section        0  stm32f1xx_it.o(i.PendSV_Handler)
    i.SVC_Handler                            0x080033f2   Section        0  stm32f1xx_it.o(i.SVC_Handler)
    i.SysTick_Handler                        0x080033f4   Section        0  stm32f1xx_it.o(i.SysTick_Handler)
    i.SystemClock_Config                     0x080033f8   Section        0  main.o(i.SystemClock_Config)
    i.SystemInit                             0x08003470   Section        0  system_stm32f1xx.o(i.SystemInit)
    i.UART_DMAAbortOnError                   0x08003472   Section        0  stm32f1xx_hal_uart.o(i.UART_DMAAbortOnError)
    UART_DMAAbortOnError                     0x08003473   Thumb Code    16  stm32f1xx_hal_uart.o(i.UART_DMAAbortOnError)
    i.UART_DMAError                          0x08003482   Section        0  stm32f1xx_hal_uart.o(i.UART_DMAError)
    UART_DMAError                            0x08003483   Thumb Code    74  stm32f1xx_hal_uart.o(i.UART_DMAError)
    i.UART_DMAReceiveCplt                    0x080034cc   Section        0  stm32f1xx_hal_uart.o(i.UART_DMAReceiveCplt)
    UART_DMAReceiveCplt                      0x080034cd   Thumb Code   134  stm32f1xx_hal_uart.o(i.UART_DMAReceiveCplt)
    i.UART_DMARxHalfCplt                     0x08003552   Section        0  stm32f1xx_hal_uart.o(i.UART_DMARxHalfCplt)
    UART_DMARxHalfCplt                       0x08003553   Thumb Code    30  stm32f1xx_hal_uart.o(i.UART_DMARxHalfCplt)
    i.UART_EndRxTransfer                     0x08003570   Section        0  stm32f1xx_hal_uart.o(i.UART_EndRxTransfer)
    UART_EndRxTransfer                       0x08003571   Thumb Code    78  stm32f1xx_hal_uart.o(i.UART_EndRxTransfer)
    i.UART_EndTxTransfer                     0x080035be   Section        0  stm32f1xx_hal_uart.o(i.UART_EndTxTransfer)
    UART_EndTxTransfer                       0x080035bf   Thumb Code    28  stm32f1xx_hal_uart.o(i.UART_EndTxTransfer)
    i.UART_Receive_IT                        0x080035da   Section        0  stm32f1xx_hal_uart.o(i.UART_Receive_IT)
    UART_Receive_IT                          0x080035db   Thumb Code   194  stm32f1xx_hal_uart.o(i.UART_Receive_IT)
    i.UART_SetConfig                         0x0800369c   Section        0  stm32f1xx_hal_uart.o(i.UART_SetConfig)
    UART_SetConfig                           0x0800369d   Thumb Code   178  stm32f1xx_hal_uart.o(i.UART_SetConfig)
    i.UART_Start_Receive_DMA                 0x08003754   Section        0  stm32f1xx_hal_uart.o(i.UART_Start_Receive_DMA)
    i.UART_WaitOnFlagUntilTimeout            0x080037e4   Section        0  stm32f1xx_hal_uart.o(i.UART_WaitOnFlagUntilTimeout)
    UART_WaitOnFlagUntilTimeout              0x080037e5   Thumb Code   114  stm32f1xx_hal_uart.o(i.UART_WaitOnFlagUntilTimeout)
    i.USART1_IRQHandler                      0x08003858   Section        0  stm32f1xx_it.o(i.USART1_IRQHandler)
    i.UsageFault_Handler                     0x080038a0   Section        0  stm32f1xx_it.o(i.UsageFault_Handler)
    i.__ARM_fpclassify                       0x080038a2   Section        0  fpclassify.o(i.__ARM_fpclassify)
    i.__NVIC_SetPriority                     0x080038ca   Section        0  stm32f1xx_hal_cortex.o(i.__NVIC_SetPriority)
    __NVIC_SetPriority                       0x080038cb   Thumb Code    32  stm32f1xx_hal_cortex.o(i.__NVIC_SetPriority)
    i._is_digit                              0x080038ea   Section        0  __printf_wp.o(i._is_digit)
    i.handle_esp8266                         0x080038f8   Section        0  esp8266.o(i.handle_esp8266)
    i.main                                   0x080039e0   Section        0  main.o(i.main)
    i.motor_angle_cal                        0x08003c24   Section        0  motor.o(i.motor_angle_cal)
    i.motor_controld                         0x08003c4c   Section        0  motor.o(i.motor_controld)
    i.send_wifi                              0x08003d18   Section        0  esp8266.o(i.send_wifi)
    i.start_esp8266                          0x08003d98   Section        0  esp8266.o(i.start_esp8266)
    i.ui_setting                             0x08003e8c   Section        0  main.o(i.ui_setting)
    ui_setting                               0x08003e8d   Thumb Code   440  main.o(i.ui_setting)
    locale$$code                             0x0800408c   Section       44  lc_numeric_c.o(locale$$code)
    x$fpl$d2f                                0x080040b8   Section       98  d2f.o(x$fpl$d2f)
    x$fpl$dadd                               0x0800411c   Section      336  daddsub_clz.o(x$fpl$dadd)
    _dadd1                                   0x0800412d   Thumb Code     0  daddsub_clz.o(x$fpl$dadd)
    x$fpl$dcheck1                            0x0800426c   Section       16  dcheck1.o(x$fpl$dcheck1)
    x$fpl$ddiv                               0x0800427c   Section      688  ddiv.o(x$fpl$ddiv)
    ddiv_entry                               0x08004283   Thumb Code     0  ddiv.o(x$fpl$ddiv)
    x$fpl$dfix                               0x0800452c   Section       94  dfix.o(x$fpl$dfix)
    x$fpl$dflt                               0x0800458a   Section       46  dflt_clz.o(x$fpl$dflt)
    x$fpl$dfltu                              0x080045b8   Section       38  dflt_clz.o(x$fpl$dfltu)
    x$fpl$dmul                               0x080045e0   Section      340  dmul.o(x$fpl$dmul)
    x$fpl$dnaninf                            0x08004734   Section      156  dnaninf.o(x$fpl$dnaninf)
    x$fpl$dretinf                            0x080047d0   Section       12  dretinf.o(x$fpl$dretinf)
    x$fpl$dsub                               0x080047dc   Section      468  daddsub_clz.o(x$fpl$dsub)
    _dsub1                                   0x080047ed   Thumb Code     0  daddsub_clz.o(x$fpl$dsub)
    x$fpl$f2d                                0x080049b0   Section       86  f2d.o(x$fpl$f2d)
    x$fpl$fcmpinf                            0x08004a06   Section       24  fcmpi.o(x$fpl$fcmpinf)
    x$fpl$ffltu                              0x08004a20   Section       38  fflt_clz.o(x$fpl$ffltu)
    x$fpl$fleqf                              0x08004a48   Section      104  fleqf.o(x$fpl$fleqf)
    x$fpl$fnaninf                            0x08004ab0   Section      140  fnaninf.o(x$fpl$fnaninf)
    x$fpl$fretinf                            0x08004b3c   Section       10  fretinf.o(x$fpl$fretinf)
    x$fpl$frleqf                             0x08004b46   Section       98  frleqf.o(x$fpl$frleqf)
    x$fpl$printf1                            0x08004ba8   Section        4  printf1.o(x$fpl$printf1)
    x$fpl$retnan                             0x08004bac   Section      100  retnan.o(x$fpl$retnan)
    x$fpl$scalbn                             0x08004c10   Section       92  scalbn.o(x$fpl$scalbn)
    x$fpl$trapveneer                         0x08004c6c   Section       48  trapv.o(x$fpl$trapveneer)
    .constdata                               0x08004c9c   Section       18  stm32f1xx_hal_rcc.o(.constdata)
    x$fpl$usenofp                            0x08004c9c   Section        0  usenofp.o(x$fpl$usenofp)
    aPredivFactorTable                       0x08004c9c   Data           2  stm32f1xx_hal_rcc.o(.constdata)
    aPLLMULFactorTable                       0x08004c9e   Data          16  stm32f1xx_hal_rcc.o(.constdata)
    .constdata                               0x08004cae   Section       18  stm32f1xx_hal_rcc_ex.o(.constdata)
    aPredivFactorTable                       0x08004cae   Data           2  stm32f1xx_hal_rcc_ex.o(.constdata)
    aPLLMULFactorTable                       0x08004cb0   Data          16  stm32f1xx_hal_rcc_ex.o(.constdata)
    .constdata                               0x08004cc0   Section       16  system_stm32f1xx.o(.constdata)
    .constdata                               0x08004cd0   Section        8  system_stm32f1xx.o(.constdata)
    .constdata                               0x08004cd8   Section     7696  oled.o(.constdata)
    .constdata                               0x08006ae8   Section       17  __printf_flags_wp.o(.constdata)
    maptable                                 0x08006ae8   Data          17  __printf_flags_wp.o(.constdata)
    .constdata                               0x08006afc   Section      148  bigflt0.o(.constdata)
    tenpwrs_x                                0x08006afc   Data          60  bigflt0.o(.constdata)
    tenpwrs_i                                0x08006b38   Data          64  bigflt0.o(.constdata)
    locale$$data                             0x08006bb0   Section       28  lc_numeric_c.o(locale$$data)
    __lcnum_c_name                           0x08006bb4   Data           2  lc_numeric_c.o(locale$$data)
    __lcnum_c_start                          0x08006bbc   Data           0  lc_numeric_c.o(locale$$data)
    __lcnum_c_point                          0x08006bc8   Data           0  lc_numeric_c.o(locale$$data)
    __lcnum_c_thousands                      0x08006bca   Data           0  lc_numeric_c.o(locale$$data)
    __lcnum_c_grouping                       0x08006bcb   Data           0  lc_numeric_c.o(locale$$data)
    __lcnum_c_end                            0x08006bcc   Data           0  lc_numeric_c.o(locale$$data)
    .data                                    0x20000000   Section       12  main.o(.data)
    i_count                                  0x20000008   Data           4  main.o(.data)
    .data                                    0x2000000c   Section        1  gpio.o(.data)
    .data                                    0x2000000d   Section        1  usart.o(.data)
    .data                                    0x2000000e   Section        1  usart.o(.data)
    .data                                    0x20000010   Section       12  stm32f1xx_hal.o(.data)
    .data                                    0x2000001c   Section        4  system_stm32f1xx.o(.data)
    .data                                    0x20000020   Section        4  motor.o(.data)
    .data                                    0x20000024   Section        2  motor.o(.data)
    .data                                    0x20000028   Section        4  dht11.o(.data)
    i_count                                  0x20000028   Data           4  dht11.o(.data)
    .data                                    0x2000002c   Section        1  esp8266.o(.data)
    .bss                                     0x20000030   Section       96  adc.o(.bss)
    .bss                                     0x20000090   Section     1000  usart.o(.bss)
    .bss                                     0x20000478   Section      140  usart.o(.bss)
    .bss                                     0x20000504   Section     1152  oled.o(.bss)
    .bss                                     0x20000984   Section       96  libspace.o(.bss)
    HEAP                                     0x200009e8   Section      512  startup_stm32f103xb.o(HEAP)
    Heap_Mem                                 0x200009e8   Data         512  startup_stm32f103xb.o(HEAP)
    STACK                                    0x20000be8   Section     1024  startup_stm32f103xb.o(STACK)
    Stack_Mem                                0x20000be8   Data        1024  startup_stm32f103xb.o(STACK)
    __initial_sp                             0x20000fe8   Data           0  startup_stm32f103xb.o(STACK)

    Global Symbols

    Symbol Name                              Value     Ov Type        Size  Object(Section)

    BuildAttributes$$THM_ISAv4$P$D$K$B$S$PE$A:L22UL41UL21$X:L11$S22US41US21$IEEE1$IW$USESV6$~STKCKD$USESV7$~SHL$OTIME$ROPI$IEEEJ$EBA8$UX$STANDARDLIB$REQ8$PRES8$EABIv2 0x00000000   Number         0  anon$$obj.o ABSOLUTE
    __ARM_use_no_argv                        0x00000000   Number         0  main.o ABSOLUTE
    _printf_flags                            0x00000000   Number         0  printf_stubs.o ABSOLUTE
    _printf_return_value                     0x00000000   Number         0  printf_stubs.o ABSOLUTE
    _printf_sizespec                         0x00000000   Number         0  printf_stubs.o ABSOLUTE
    _printf_widthprec                        0x00000000   Number         0  printf_stubs.o ABSOLUTE
    __ARM_exceptions_init                     - Undefined Weak Reference
    __alloca_initialize                       - Undefined Weak Reference
    __arm_preinit_                            - Undefined Weak Reference
    __cpp_initialize__aeabi_                  - Undefined Weak Reference
    __cxa_finalize                            - Undefined Weak Reference
    __sigvec_lookup                           - Undefined Weak Reference
    _atexit_init                              - Undefined Weak Reference
    _call_atexit_fns                          - Undefined Weak Reference
    _clock_init                               - Undefined Weak Reference
    _fp_trap_init                             - Undefined Weak Reference
    _fp_trap_shutdown                         - Undefined Weak Reference
    _get_lc_collate                           - Undefined Weak Reference
    _get_lc_ctype                             - Undefined Weak Reference
    _get_lc_monetary                          - Undefined Weak Reference
    _get_lc_time                              - Undefined Weak Reference
    _getenv_init                              - Undefined Weak Reference
    _handle_redirection                       - Undefined Weak Reference
    _init_alloc                               - Undefined Weak Reference
    _init_user_alloc                          - Undefined Weak Reference
    _initio                                   - Undefined Weak Reference
    _printf_truncate_signed                   - Undefined Weak Reference
    _printf_truncate_unsigned                 - Undefined Weak Reference
    _rand_init                                - Undefined Weak Reference
    _signal_finish                            - Undefined Weak Reference
    _signal_init                              - Undefined Weak Reference
    _terminate_alloc                          - Undefined Weak Reference
    _terminate_user_alloc                     - Undefined Weak Reference
    _terminateio                              - Undefined Weak Reference
    __Vectors_Size                           0x000000ec   Number         0  startup_stm32f103xb.o ABSOLUTE
    __Vectors                                0x08000000   Data           4  startup_stm32f103xb.o(RESET)
    __Vectors_End                            0x080000ec   Data           0  startup_stm32f103xb.o(RESET)
    __main                                   0x080000ed   Thumb Code     8  __main.o(!!!main)
    __scatterload                            0x080000f5   Thumb Code     0  __scatter.o(!!!scatter)
    __scatterload_rt2                        0x080000f5   Thumb Code    44  __scatter.o(!!!scatter)
    __scatterload_rt2_thumb_only             0x080000f5   Thumb Code     0  __scatter.o(!!!scatter)
    __scatterload_null                       0x08000103   Thumb Code     0  __scatter.o(!!!scatter)
    __scatterload_copy                       0x08000129   Thumb Code    26  __scatter_copy.o(!!handler_copy)
    __scatterload_zeroinit                   0x08000145   Thumb Code    28  __scatter_zi.o(!!handler_zi)
    _printf_f                                0x08000161   Thumb Code     0  _printf_f.o(.ARM.Collect$$_printf_percent$$00000003)
    _printf_percent                          0x08000161   Thumb Code     0  _printf_percent.o(.ARM.Collect$$_printf_percent$$00000000)
    _printf_d                                0x08000167   Thumb Code     0  _printf_d.o(.ARM.Collect$$_printf_percent$$00000009)
    _printf_percent_end                      0x0800016d   Thumb Code     0  _printf_percent_end.o(.ARM.Collect$$_printf_percent$$00000017)
    __rt_lib_init                            0x08000171   Thumb Code     0  libinit.o(.ARM.Collect$$libinit$$00000000)
    __rt_lib_init_fp_1                       0x08000173   Thumb Code     0  libinit2.o(.ARM.Collect$$libinit$$00000002)
    __rt_lib_init_heap_1                     0x08000173   Thumb Code     0  libinit2.o(.ARM.Collect$$libinit$$0000000A)
    __rt_lib_init_lc_common                  0x08000173   Thumb Code     0  libinit2.o(.ARM.Collect$$libinit$$0000000F)
    __rt_lib_init_preinit_1                  0x08000173   Thumb Code     0  libinit2.o(.ARM.Collect$$libinit$$00000004)
    __rt_lib_init_rand_1                     0x08000173   Thumb Code     0  libinit2.o(.ARM.Collect$$libinit$$0000000E)
    __rt_lib_init_user_alloc_1               0x08000173   Thumb Code     0  libinit2.o(.ARM.Collect$$libinit$$0000000C)
    __rt_lib_init_lc_collate_1               0x08000179   Thumb Code     0  libinit2.o(.ARM.Collect$$libinit$$00000011)
    __rt_lib_init_lc_ctype_1                 0x08000179   Thumb Code     0  libinit2.o(.ARM.Collect$$libinit$$00000013)
    __rt_lib_init_lc_monetary_1              0x08000179   Thumb Code     0  libinit2.o(.ARM.Collect$$libinit$$00000015)
    __rt_lib_init_lc_numeric_2               0x08000179   Thumb Code     0  libinit2.o(.ARM.Collect$$libinit$$00000016)
    __rt_lib_init_alloca_1                   0x08000183   Thumb Code     0  libinit2.o(.ARM.Collect$$libinit$$0000002E)
    __rt_lib_init_argv_1                     0x08000183   Thumb Code     0  libinit2.o(.ARM.Collect$$libinit$$0000002C)
    __rt_lib_init_atexit_1                   0x08000183   Thumb Code     0  libinit2.o(.ARM.Collect$$libinit$$0000001B)
    __rt_lib_init_clock_1                    0x08000183   Thumb Code     0  libinit2.o(.ARM.Collect$$libinit$$00000021)
    __rt_lib_init_cpp_1                      0x08000183   Thumb Code     0  libinit2.o(.ARM.Collect$$libinit$$00000032)
    __rt_lib_init_exceptions_1               0x08000183   Thumb Code     0  libinit2.o(.ARM.Collect$$libinit$$00000030)
    __rt_lib_init_fp_trap_1                  0x08000183   Thumb Code     0  libinit2.o(.ARM.Collect$$libinit$$0000001F)
    __rt_lib_init_getenv_1                   0x08000183   Thumb Code     0  libinit2.o(.ARM.Collect$$libinit$$00000023)
    __rt_lib_init_lc_numeric_1               0x08000183   Thumb Code     0  libinit2.o(.ARM.Collect$$libinit$$00000017)
    __rt_lib_init_lc_time_1                  0x08000183   Thumb Code     0  libinit2.o(.ARM.Collect$$libinit$$00000019)
    __rt_lib_init_return                     0x08000183   Thumb Code     0  libinit2.o(.ARM.Collect$$libinit$$00000033)
    __rt_lib_init_signal_1                   0x08000183   Thumb Code     0  libinit2.o(.ARM.Collect$$libinit$$0000001D)
    __rt_lib_init_stdio_1                    0x08000183   Thumb Code     0  libinit2.o(.ARM.Collect$$libinit$$00000025)
    __rt_lib_shutdown                        0x08000185   Thumb Code     0  libshutdown.o(.ARM.Collect$$libshutdown$$00000000)
    __rt_lib_shutdown_cpp_1                  0x08000187   Thumb Code     0  libshutdown2.o(.ARM.Collect$$libshutdown$$00000002)
    __rt_lib_shutdown_fp_trap_1              0x08000187   Thumb Code     0  libshutdown2.o(.ARM.Collect$$libshutdown$$00000007)
    __rt_lib_shutdown_heap_1                 0x08000187   Thumb Code     0  libshutdown2.o(.ARM.Collect$$libshutdown$$0000000F)
    __rt_lib_shutdown_return                 0x08000187   Thumb Code     0  libshutdown2.o(.ARM.Collect$$libshutdown$$00000010)
    __rt_lib_shutdown_signal_1               0x08000187   Thumb Code     0  libshutdown2.o(.ARM.Collect$$libshutdown$$0000000A)
    __rt_lib_shutdown_stdio_1                0x08000187   Thumb Code     0  libshutdown2.o(.ARM.Collect$$libshutdown$$00000004)
    __rt_lib_shutdown_user_alloc_1           0x08000187   Thumb Code     0  libshutdown2.o(.ARM.Collect$$libshutdown$$0000000C)
    __rt_entry                               0x08000189   Thumb Code     0  __rtentry.o(.ARM.Collect$$rtentry$$00000000)
    __rt_entry_presh_1                       0x08000189   Thumb Code     0  __rtentry2.o(.ARM.Collect$$rtentry$$00000002)
    __rt_entry_sh                            0x08000189   Thumb Code     0  __rtentry4.o(.ARM.Collect$$rtentry$$00000004)
    __rt_entry_li                            0x0800018f   Thumb Code     0  __rtentry2.o(.ARM.Collect$$rtentry$$0000000A)
    __rt_entry_postsh_1                      0x0800018f   Thumb Code     0  __rtentry2.o(.ARM.Collect$$rtentry$$00000009)
    __rt_entry_main                          0x08000193   Thumb Code     0  __rtentry2.o(.ARM.Collect$$rtentry$$0000000D)
    __rt_entry_postli_1                      0x08000193   Thumb Code     0  __rtentry2.o(.ARM.Collect$$rtentry$$0000000C)
    __rt_exit                                0x0800019b   Thumb Code     0  rtexit.o(.ARM.Collect$$rtexit$$00000000)
    __rt_exit_ls                             0x0800019d   Thumb Code     0  rtexit2.o(.ARM.Collect$$rtexit$$00000003)
    __rt_exit_prels_1                        0x0800019d   Thumb Code     0  rtexit2.o(.ARM.Collect$$rtexit$$00000002)
    __rt_exit_exit                           0x080001a1   Thumb Code     0  rtexit2.o(.ARM.Collect$$rtexit$$00000004)
    Reset_Handler                            0x080001a9   Thumb Code     8  startup_stm32f103xb.o(.text)
    ADC1_2_IRQHandler                        0x080001c3   Thumb Code     0  startup_stm32f103xb.o(.text)
    CAN1_RX1_IRQHandler                      0x080001c3   Thumb Code     0  startup_stm32f103xb.o(.text)
    CAN1_SCE_IRQHandler                      0x080001c3   Thumb Code     0  startup_stm32f103xb.o(.text)
    DMA1_Channel1_IRQHandler                 0x080001c3   Thumb Code     0  startup_stm32f103xb.o(.text)
    DMA1_Channel2_IRQHandler                 0x080001c3   Thumb Code     0  startup_stm32f103xb.o(.text)
    DMA1_Channel3_IRQHandler                 0x080001c3   Thumb Code     0  startup_stm32f103xb.o(.text)
    DMA1_Channel4_IRQHandler                 0x080001c3   Thumb Code     0  startup_stm32f103xb.o(.text)
    DMA1_Channel6_IRQHandler                 0x080001c3   Thumb Code     0  startup_stm32f103xb.o(.text)
    DMA1_Channel7_IRQHandler                 0x080001c3   Thumb Code     0  startup_stm32f103xb.o(.text)
    EXTI0_IRQHandler                         0x080001c3   Thumb Code     0  startup_stm32f103xb.o(.text)
    EXTI1_IRQHandler                         0x080001c3   Thumb Code     0  startup_stm32f103xb.o(.text)
    EXTI2_IRQHandler                         0x080001c3   Thumb Code     0  startup_stm32f103xb.o(.text)
    EXTI3_IRQHandler                         0x080001c3   Thumb Code     0  startup_stm32f103xb.o(.text)
    EXTI4_IRQHandler                         0x080001c3   Thumb Code     0  startup_stm32f103xb.o(.text)
    EXTI9_5_IRQHandler                       0x080001c3   Thumb Code     0  startup_stm32f103xb.o(.text)
    FLASH_IRQHandler                         0x080001c3   Thumb Code     0  startup_stm32f103xb.o(.text)
    I2C1_ER_IRQHandler                       0x080001c3   Thumb Code     0  startup_stm32f103xb.o(.text)
    I2C1_EV_IRQHandler                       0x080001c3   Thumb Code     0  startup_stm32f103xb.o(.text)
    I2C2_ER_IRQHandler                       0x080001c3   Thumb Code     0  startup_stm32f103xb.o(.text)
    I2C2_EV_IRQHandler                       0x080001c3   Thumb Code     0  startup_stm32f103xb.o(.text)
    PVD_IRQHandler                           0x080001c3   Thumb Code     0  startup_stm32f103xb.o(.text)
    RCC_IRQHandler                           0x080001c3   Thumb Code     0  startup_stm32f103xb.o(.text)
    RTC_Alarm_IRQHandler                     0x080001c3   Thumb Code     0  startup_stm32f103xb.o(.text)
    RTC_IRQHandler                           0x080001c3   Thumb Code     0  startup_stm32f103xb.o(.text)
    SPI1_IRQHandler                          0x080001c3   Thumb Code     0  startup_stm32f103xb.o(.text)
    SPI2_IRQHandler                          0x080001c3   Thumb Code     0  startup_stm32f103xb.o(.text)
    TAMPER_IRQHandler                        0x080001c3   Thumb Code     0  startup_stm32f103xb.o(.text)
    TIM1_BRK_IRQHandler                      0x080001c3   Thumb Code     0  startup_stm32f103xb.o(.text)
    TIM1_CC_IRQHandler                       0x080001c3   Thumb Code     0  startup_stm32f103xb.o(.text)
    TIM1_TRG_COM_IRQHandler                  0x080001c3   Thumb Code     0  startup_stm32f103xb.o(.text)
    TIM1_UP_IRQHandler                       0x080001c3   Thumb Code     0  startup_stm32f103xb.o(.text)
    TIM2_IRQHandler                          0x080001c3   Thumb Code     0  startup_stm32f103xb.o(.text)
    TIM3_IRQHandler                          0x080001c3   Thumb Code     0  startup_stm32f103xb.o(.text)
    TIM4_IRQHandler                          0x080001c3   Thumb Code     0  startup_stm32f103xb.o(.text)
    USART2_IRQHandler                        0x080001c3   Thumb Code     0  startup_stm32f103xb.o(.text)
    USART3_IRQHandler                        0x080001c3   Thumb Code     0  startup_stm32f103xb.o(.text)
    USBWakeUp_IRQHandler                     0x080001c3   Thumb Code     0  startup_stm32f103xb.o(.text)
    USB_HP_CAN1_TX_IRQHandler                0x080001c3   Thumb Code     0  startup_stm32f103xb.o(.text)
    USB_LP_CAN1_RX0_IRQHandler               0x080001c3   Thumb Code     0  startup_stm32f103xb.o(.text)
    WWDG_IRQHandler                          0x080001c3   Thumb Code     0  startup_stm32f103xb.o(.text)
    __user_initial_stackheap                 0x080001c5   Thumb Code     0  startup_stm32f103xb.o(.text)
    __2sprintf                               0x080001e9   Thumb Code    34  noretval__2sprintf.o(.text)
    _printf_pre_padding                      0x08000211   Thumb Code    44  _printf_pad.o(.text)
    _printf_post_padding                     0x0800023d   Thumb Code    34  _printf_pad.o(.text)
    _printf_int_dec                          0x08000261   Thumb Code   104  _printf_dec.o(.text)
    __printf                                 0x080002d9   Thumb Code   308  __printf_flags_wp.o(.text)
    strstr                                   0x08000411   Thumb Code    36  strstr.o(.text)
    memcmp                                   0x08000435   Thumb Code    88  memcmp.o(.text)
    __aeabi_memclr                           0x0800048d   Thumb Code     0  rt_memclr.o(.text)
    __rt_memclr                              0x0800048d   Thumb Code    68  rt_memclr.o(.text)
    _memset                                  0x08000491   Thumb Code     0  rt_memclr.o(.text)
    __aeabi_memclr4                          0x080004d1   Thumb Code     0  rt_memclr_w.o(.text)
    __aeabi_memclr8                          0x080004d1   Thumb Code     0  rt_memclr_w.o(.text)
    __rt_memclr_w                            0x080004d1   Thumb Code    78  rt_memclr_w.o(.text)
    _memset_w                                0x080004d5   Thumb Code     0  rt_memclr_w.o(.text)
    __use_two_region_memory                  0x0800051f   Thumb Code     2  heapauxi.o(.text)
    __rt_heap_escrow$2region                 0x08000521   Thumb Code     2  heapauxi.o(.text)
    __rt_heap_expand$2region                 0x08000523   Thumb Code     2  heapauxi.o(.text)
    _printf_int_common                       0x08000525   Thumb Code   178  _printf_intcommon.o(.text)
    __lib_sel_fp_printf                      0x080005d7   Thumb Code     2  _printf_fp_dec.o(.text)
    _printf_fp_dec_real                      0x08000789   Thumb Code   620  _printf_fp_dec.o(.text)
    _printf_char_common                      0x080009ff   Thumb Code    32  _printf_char_common.o(.text)
    _sputc                                   0x08000a25   Thumb Code    10  _sputc.o(.text)
    __rt_locale                              0x08000a31   Thumb Code     8  rt_locale_intlibspace.o(.text)
    _ll_udiv10                               0x08000a39   Thumb Code   138  lludiv10.o(.text)
    _printf_fp_infnan                        0x08000ac5   Thumb Code   112  _printf_fp_infnan.o(.text)
    _btod_etento                             0x08000b45   Thumb Code   224  bigflt0.o(.text)
    __user_libspace                          0x08000c29   Thumb Code     8  libspace.o(.text)
    __user_perproc_libspace                  0x08000c29   Thumb Code     0  libspace.o(.text)
    __user_perthread_libspace                0x08000c29   Thumb Code     0  libspace.o(.text)
    __user_setup_stackheap                   0x08000c31   Thumb Code    74  sys_stackheap_outer.o(.text)
    exit                                     0x08000c7b   Thumb Code    18  exit.o(.text)
    strcmp                                   0x08000c8d   Thumb Code   128  strcmpv7m.o(.text)
    _sys_exit                                0x08000d0d   Thumb Code     8  sys_exit.o(.text)
    __I$use$semihosting                      0x08000d19   Thumb Code     0  use_no_semi.o(.text)
    __use_no_semihosting_swi                 0x08000d19   Thumb Code     2  use_no_semi.o(.text)
    __semihosting_library_function           0x08000d1b   Thumb Code     0  indicate_semi.o(.text)
    _btod_d2e                                0x08000d1b   Thumb Code    62  btod.o(CL$$btod_d2e)
    _d2e_denorm_low                          0x08000d59   Thumb Code    70  btod.o(CL$$btod_d2e_denorm_low)
    _d2e_norm_op1                            0x08000d9f   Thumb Code    96  btod.o(CL$$btod_d2e_norm_op1)
    __btod_div_common                        0x08000dff   Thumb Code   696  btod.o(CL$$btod_div_common)
    _e2e                                     0x08001137   Thumb Code   220  btod.o(CL$$btod_e2e)
    _btod_ediv                               0x08001213   Thumb Code    42  btod.o(CL$$btod_ediv)
    _btod_emul                               0x0800123d   Thumb Code    42  btod.o(CL$$btod_emul)
    __btod_mult_common                       0x08001267   Thumb Code   580  btod.o(CL$$btod_mult_common)
    ADC_ConversionStop_Disable               0x080014ad   Thumb Code    86  stm32f1xx_hal_adc.o(i.ADC_ConversionStop_Disable)
    ADC_Enable                               0x08001505   Thumb Code   114  stm32f1xx_hal_adc.o(i.ADC_Enable)
    BusFault_Handler                         0x08001581   Thumb Code     2  stm32f1xx_it.o(i.BusFault_Handler)
    Coarse_delay_us                          0x08001585   Thumb Code    22  dht11.o(i.Coarse_delay_us)
    DHT11                                    0x080015a1   Thumb Code    18  dht11.o(i.DHT11)
    DHT11_Check                              0x080015b5   Thumb Code    28  dht11.o(i.DHT11_Check)
    DHT11_READ_BIT                           0x08001605   Thumb Code    54  dht11.o(i.DHT11_READ_BIT)
    DHT11_READ_BYTE                          0x08001641   Thumb Code    32  dht11.o(i.DHT11_READ_BYTE)
    DHT11_READ_DATA                          0x08001661   Thumb Code   216  dht11.o(i.DHT11_READ_DATA)
    DHT11_START                              0x08001775   Thumb Code    36  dht11.o(i.DHT11_START)
    DMA1_Channel5_IRQHandler                 0x0800179d   Thumb Code     6  stm32f1xx_it.o(i.DMA1_Channel5_IRQHandler)
    DebugMon_Handler                         0x080017d3   Thumb Code     2  stm32f1xx_it.o(i.DebugMon_Handler)
    EXTI15_10_IRQHandler                     0x080017d5   Thumb Code    30  stm32f1xx_it.o(i.EXTI15_10_IRQHandler)
    Error_Handler                            0x080017f3   Thumb Code     4  main.o(i.Error_Handler)
    HAL_ADC_ConfigChannel                    0x080017f9   Thumb Code   240  stm32f1xx_hal_adc.o(i.HAL_ADC_ConfigChannel)
    HAL_ADC_GetValue                         0x080018f5   Thumb Code     6  stm32f1xx_hal_adc.o(i.HAL_ADC_GetValue)
    HAL_ADC_Init                             0x080018fd   Thumb Code   272  stm32f1xx_hal_adc.o(i.HAL_ADC_Init)
    HAL_ADC_MspInit                          0x08001a19   Thumb Code   126  adc.o(i.HAL_ADC_MspInit)
    HAL_ADC_PollForConversion                0x08001aad   Thumb Code   304  stm32f1xx_hal_adc.o(i.HAL_ADC_PollForConversion)
    HAL_ADC_Start                            0x08001be9   Thumb Code   184  stm32f1xx_hal_adc.o(i.HAL_ADC_Start)
    HAL_DMA_Abort                            0x08001ca9   Thumb Code    70  stm32f1xx_hal_dma.o(i.HAL_DMA_Abort)
    HAL_DMA_Abort_IT                         0x08001cf1   Thumb Code   148  stm32f1xx_hal_dma.o(i.HAL_DMA_Abort_IT)
    HAL_DMA_IRQHandler                       0x08001d89   Thumb Code   316  stm32f1xx_hal_dma.o(i.HAL_DMA_IRQHandler)
    HAL_DMA_Init                             0x08001edd   Thumb Code    84  stm32f1xx_hal_dma.o(i.HAL_DMA_Init)
    HAL_DMA_Start_IT                         0x08001f39   Thumb Code   112  stm32f1xx_hal_dma.o(i.HAL_DMA_Start_IT)
    HAL_Delay                                0x08001fa9   Thumb Code    32  stm32f1xx_hal.o(i.HAL_Delay)
    HAL_GPIO_EXTI_Callback                   0x08001fcd   Thumb Code    34  gpio.o(i.HAL_GPIO_EXTI_Callback)
    HAL_GPIO_EXTI_IRQHandler                 0x08001ff5   Thumb Code    18  stm32f1xx_hal_gpio.o(i.HAL_GPIO_EXTI_IRQHandler)
    HAL_GPIO_Init                            0x0800200d   Thumb Code   446  stm32f1xx_hal_gpio.o(i.HAL_GPIO_Init)
    HAL_GPIO_ReadPin                         0x080021ed   Thumb Code    10  stm32f1xx_hal_gpio.o(i.HAL_GPIO_ReadPin)
    HAL_GPIO_TogglePin                       0x080021f7   Thumb Code    16  stm32f1xx_hal_gpio.o(i.HAL_GPIO_TogglePin)
    HAL_GPIO_WritePin                        0x08002207   Thumb Code    10  stm32f1xx_hal_gpio.o(i.HAL_GPIO_WritePin)
    HAL_GetTick                              0x08002211   Thumb Code     6  stm32f1xx_hal.o(i.HAL_GetTick)
    HAL_IncTick                              0x0800221d   Thumb Code    12  stm32f1xx_hal.o(i.HAL_IncTick)
    HAL_Init                                 0x0800222d   Thumb Code    32  stm32f1xx_hal.o(i.HAL_Init)
    HAL_InitTick                             0x08002251   Thumb Code    54  stm32f1xx_hal.o(i.HAL_InitTick)
    HAL_MspInit                              0x08002291   Thumb Code    52  stm32f1xx_hal_msp.o(i.HAL_MspInit)
    HAL_NVIC_EnableIRQ                       0x080022cd   Thumb Code    26  stm32f1xx_hal_cortex.o(i.HAL_NVIC_EnableIRQ)
    HAL_NVIC_SetPriority                     0x080022e9   Thumb Code    60  stm32f1xx_hal_cortex.o(i.HAL_NVIC_SetPriority)
    HAL_NVIC_SetPriorityGrouping             0x08002329   Thumb Code    26  stm32f1xx_hal_cortex.o(i.HAL_NVIC_SetPriorityGrouping)
    HAL_RCCEx_GetPeriphCLKFreq               0x0800234d   Thumb Code   148  stm32f1xx_hal_rcc_ex.o(i.HAL_RCCEx_GetPeriphCLKFreq)
    HAL_RCCEx_PeriphCLKConfig                0x080023f1   Thumb Code   224  stm32f1xx_hal_rcc_ex.o(i.HAL_RCCEx_PeriphCLKConfig)
    HAL_RCC_ClockConfig                      0x080024dd   Thumb Code   280  stm32f1xx_hal_rcc.o(i.HAL_RCC_ClockConfig)
    HAL_RCC_GetHCLKFreq                      0x08002609   Thumb Code     6  stm32f1xx_hal_rcc.o(i.HAL_RCC_GetHCLKFreq)
    HAL_RCC_GetPCLK1Freq                     0x08002615   Thumb Code    20  stm32f1xx_hal_rcc.o(i.HAL_RCC_GetPCLK1Freq)
    HAL_RCC_GetPCLK2Freq                     0x08002635   Thumb Code    20  stm32f1xx_hal_rcc.o(i.HAL_RCC_GetPCLK2Freq)
    HAL_RCC_GetSysClockFreq                  0x08002655   Thumb Code    58  stm32f1xx_hal_rcc.o(i.HAL_RCC_GetSysClockFreq)
    HAL_RCC_OscConfig                        0x080026a1   Thumb Code   778  stm32f1xx_hal_rcc.o(i.HAL_RCC_OscConfig)
    HAL_SYSTICK_Config                       0x080029c1   Thumb Code    40  stm32f1xx_hal_cortex.o(i.HAL_SYSTICK_Config)
    HAL_UARTEx_RxEventCallback               0x080029e9   Thumb Code     2  stm32f1xx_hal_uart.o(i.HAL_UARTEx_RxEventCallback)
    HAL_UART_DMAStop                         0x080029eb   Thumb Code   112  stm32f1xx_hal_uart.o(i.HAL_UART_DMAStop)
    HAL_UART_ErrorCallback                   0x08002a5b   Thumb Code     2  stm32f1xx_hal_uart.o(i.HAL_UART_ErrorCallback)
    HAL_UART_IRQHandler                      0x08002a5d   Thumb Code   616  stm32f1xx_hal_uart.o(i.HAL_UART_IRQHandler)
    HAL_UART_Init                            0x08002cc9   Thumb Code   100  stm32f1xx_hal_uart.o(i.HAL_UART_Init)
    HAL_UART_MspInit                         0x08002d2d   Thumb Code   154  usart.o(i.HAL_UART_MspInit)
    HAL_UART_Receive_DMA                     0x08002ddd   Thumb Code    28  stm32f1xx_hal_uart.o(i.HAL_UART_Receive_DMA)
    HAL_UART_RxCpltCallback                  0x08002df9   Thumb Code     2  stm32f1xx_hal_uart.o(i.HAL_UART_RxCpltCallback)
    HAL_UART_RxHalfCpltCallback              0x08002dfb   Thumb Code     2  stm32f1xx_hal_uart.o(i.HAL_UART_RxHalfCpltCallback)
    HAL_UART_Transmit                        0x08002dfd   Thumb Code   160  stm32f1xx_hal_uart.o(i.HAL_UART_Transmit)
    HAL_UART_TxCpltCallback                  0x08002e9d   Thumb Code     2  stm32f1xx_hal_uart.o(i.HAL_UART_TxCpltCallback)
    HardFault_Handler                        0x08002e9f   Thumb Code     2  stm32f1xx_it.o(i.HardFault_Handler)
    MX_ADC1_Init                             0x08002ea1   Thumb Code    70  adc.o(i.MX_ADC1_Init)
    MX_ADC2_Init                             0x08002ef1   Thumb Code    70  adc.o(i.MX_ADC2_Init)
    MX_DMA_Init                              0x08002f41   Thumb Code    40  dma.o(i.MX_DMA_Init)
    MX_GPIO_Init                             0x08002f6d   Thumb Code   178  gpio.o(i.MX_GPIO_Init)
    MX_USART1_UART_Init                      0x08003031   Thumb Code    48  usart.o(i.MX_USART1_UART_Init)
    MemManage_Handler                        0x08003069   Thumb Code     2  stm32f1xx_it.o(i.MemManage_Handler)
    NMI_Handler                              0x0800306b   Thumb Code     2  stm32f1xx_it.o(i.NMI_Handler)
    OLED_Clear                               0x0800306d   Thumb Code    40  oled.o(i.OLED_Clear)
    OLED_ColorTurn                           0x08003099   Thumb Code    24  oled.o(i.OLED_ColorTurn)
    OLED_DisplayTurn                         0x080030b1   Thumb Code    44  oled.o(i.OLED_DisplayTurn)
    OLED_DrawPoint                           0x080030dd   Thumb Code    40  oled.o(i.OLED_DrawPoint)
    OLED_Init                                0x08003109   Thumb Code   262  oled.o(i.OLED_Init)
    OLED_Refresh                             0x08003215   Thumb Code    70  oled.o(i.OLED_Refresh)
    OLED_ShowChar                            0x08003261   Thumb Code   212  oled.o(i.OLED_ShowChar)
    OLED_ShowString                          0x08003345   Thumb Code    60  oled.o(i.OLED_ShowString)
    OLED_WR_Byte                             0x08003381   Thumb Code   108  oled.o(i.OLED_WR_Byte)
    PendSV_Handler                           0x080033f1   Thumb Code     2  stm32f1xx_it.o(i.PendSV_Handler)
    SVC_Handler                              0x080033f3   Thumb Code     2  stm32f1xx_it.o(i.SVC_Handler)
    SysTick_Handler                          0x080033f5   Thumb Code     4  stm32f1xx_it.o(i.SysTick_Handler)
    SystemClock_Config                       0x080033f9   Thumb Code   120  main.o(i.SystemClock_Config)
    SystemInit                               0x08003471   Thumb Code     2  system_stm32f1xx.o(i.SystemInit)
    UART_Start_Receive_DMA                   0x08003755   Thumb Code   130  stm32f1xx_hal_uart.o(i.UART_Start_Receive_DMA)
    USART1_IRQHandler                        0x08003859   Thumb Code    56  stm32f1xx_it.o(i.USART1_IRQHandler)
    UsageFault_Handler                       0x080038a1   Thumb Code     2  stm32f1xx_it.o(i.UsageFault_Handler)
    __ARM_fpclassify                         0x080038a3   Thumb Code    40  fpclassify.o(i.__ARM_fpclassify)
    _is_digit                                0x080038eb   Thumb Code    14  __printf_wp.o(i._is_digit)
    handle_esp8266                           0x080038f9   Thumb Code   164  esp8266.o(i.handle_esp8266)
    main                                     0x080039e1   Thumb Code   502  main.o(i.main)
    motor_angle_cal                          0x08003c25   Thumb Code    32  motor.o(i.motor_angle_cal)
    motor_controld                           0x08003c4d   Thumb Code   198  motor.o(i.motor_controld)
    send_wifi                                0x08003d19   Thumb Code   100  esp8266.o(i.send_wifi)
    start_esp8266                            0x08003d99   Thumb Code   126  esp8266.o(i.start_esp8266)
    _get_lc_numeric                          0x0800408d   Thumb Code    44  lc_numeric_c.o(locale$$code)
    __aeabi_d2f                              0x080040b9   Thumb Code     0  d2f.o(x$fpl$d2f)
    _d2f                                     0x080040b9   Thumb Code    98  d2f.o(x$fpl$d2f)
    __aeabi_dadd                             0x0800411d   Thumb Code     0  daddsub_clz.o(x$fpl$dadd)
    _dadd                                    0x0800411d   Thumb Code   332  daddsub_clz.o(x$fpl$dadd)
    __fpl_dcheck_NaN1                        0x0800426d   Thumb Code    10  dcheck1.o(x$fpl$dcheck1)
    __aeabi_ddiv                             0x0800427d   Thumb Code     0  ddiv.o(x$fpl$ddiv)
    _ddiv                                    0x0800427d   Thumb Code   552  ddiv.o(x$fpl$ddiv)
    __aeabi_d2iz                             0x0800452d   Thumb Code     0  dfix.o(x$fpl$dfix)
    _dfix                                    0x0800452d   Thumb Code    94  dfix.o(x$fpl$dfix)
    __aeabi_i2d                              0x0800458b   Thumb Code     0  dflt_clz.o(x$fpl$dflt)
    _dflt                                    0x0800458b   Thumb Code    46  dflt_clz.o(x$fpl$dflt)
    __aeabi_ui2d                             0x080045b9   Thumb Code     0  dflt_clz.o(x$fpl$dfltu)
    _dfltu                                   0x080045b9   Thumb Code    38  dflt_clz.o(x$fpl$dfltu)
    __aeabi_dmul                             0x080045e1   Thumb Code     0  dmul.o(x$fpl$dmul)
    _dmul                                    0x080045e1   Thumb Code   332  dmul.o(x$fpl$dmul)
    __fpl_dnaninf                            0x08004735   Thumb Code   156  dnaninf.o(x$fpl$dnaninf)
    __fpl_dretinf                            0x080047d1   Thumb Code    12  dretinf.o(x$fpl$dretinf)
    __aeabi_dsub                             0x080047dd   Thumb Code     0  daddsub_clz.o(x$fpl$dsub)
    _dsub                                    0x080047dd   Thumb Code   464  daddsub_clz.o(x$fpl$dsub)
    __aeabi_f2d                              0x080049b1   Thumb Code     0  f2d.o(x$fpl$f2d)
    _f2d                                     0x080049b1   Thumb Code    86  f2d.o(x$fpl$f2d)
    __fpl_fcmp_Inf                           0x08004a07   Thumb Code    24  fcmpi.o(x$fpl$fcmpinf)
    __aeabi_ui2f                             0x08004a21   Thumb Code     0  fflt_clz.o(x$fpl$ffltu)
    _ffltu                                   0x08004a21   Thumb Code    38  fflt_clz.o(x$fpl$ffltu)
    __aeabi_cfcmple                          0x08004a49   Thumb Code     0  fleqf.o(x$fpl$fleqf)
    _fcmple                                  0x08004a49   Thumb Code   104  fleqf.o(x$fpl$fleqf)
    __fpl_fcmple_InfNaN                      0x08004a9b   Thumb Code     0  fleqf.o(x$fpl$fleqf)
    __fpl_fnaninf                            0x08004ab1   Thumb Code   140  fnaninf.o(x$fpl$fnaninf)
    __fpl_fretinf                            0x08004b3d   Thumb Code    10  fretinf.o(x$fpl$fretinf)
    __aeabi_cfrcmple                         0x08004b47   Thumb Code     0  frleqf.o(x$fpl$frleqf)
    _frcmple                                 0x08004b47   Thumb Code    98  frleqf.o(x$fpl$frleqf)
    _printf_fp_dec                           0x08004ba9   Thumb Code     4  printf1.o(x$fpl$printf1)
    __fpl_return_NaN                         0x08004bad   Thumb Code   100  retnan.o(x$fpl$retnan)
    __ARM_scalbn                             0x08004c11   Thumb Code    92  scalbn.o(x$fpl$scalbn)
    __fpl_cmpreturn                          0x08004c6d   Thumb Code    48  trapv.o(x$fpl$trapveneer)
    __I$use$fp                               0x08004c9c   Number         0  usenofp.o(x$fpl$usenofp)
    AHBPrescTable                            0x08004cc0   Data          16  system_stm32f1xx.o(.constdata)
    APBPrescTable                            0x08004cd0   Data           8  system_stm32f1xx.o(.constdata)
    asc2_0806                                0x08004cd8   Data         552  oled.o(.constdata)
    asc2_1206                                0x08004f00   Data        1140  oled.o(.constdata)
    asc2_1608                                0x08005374   Data        1520  oled.o(.constdata)
    asc2_2412                                0x08005964   Data        3420  oled.o(.constdata)
    Hzk1                                     0x080066c0   Data         352  oled.o(.constdata)
    Hzk2                                     0x08006820   Data          72  oled.o(.constdata)
    Hzk3                                     0x08006868   Data         128  oled.o(.constdata)
    Hzk4                                     0x080068e8   Data         512  oled.o(.constdata)
    Region$$Table$$Base                      0x08006b90   Number         0  anon$$obj.o(Region$$Table)
    Region$$Table$$Limit                     0x08006bb0   Number         0  anon$$obj.o(Region$$Table)
    data_t                                   0x20000000   Data           1  main.o(.data)
    data_r                                   0x20000001   Data           1  main.o(.data)
    data_h                                   0x20000002   Data           1  main.o(.data)
    data_l                                   0x20000004   Data           4  main.o(.data)
    botton                                   0x2000000c   Data           1  gpio.o(.data)
    rx1_count                                0x2000000d   Data           1  usart.o(.data)
    rx1_end_flag                             0x2000000e   Data           1  usart.o(.data)
    uwTickFreq                               0x20000010   Data           1  stm32f1xx_hal.o(.data)
    uwTickPrio                               0x20000014   Data           4  stm32f1xx_hal.o(.data)
    uwTick                                   0x20000018   Data           4  stm32f1xx_hal.o(.data)
    SystemCoreClock                          0x2000001c   Data           4  system_stm32f1xx.o(.data)
    direction                                0x20000020   Data           4  motor.o(.data)
    Motor_Pulse                              0x20000024   Data           2  motor.o(.data)
    device_connect                           0x2000002c   Data           1  esp8266.o(.data)
    hadc1                                    0x20000030   Data          48  adc.o(.bss)
    hadc2                                    0x20000060   Data          48  adc.o(.bss)
    uart1_rx                                 0x20000090   Data        1000  usart.o(.bss)
    huart1                                   0x20000478   Data          72  usart.o(.bss)
    hdma_usart1_rx                           0x200004c0   Data          68  usart.o(.bss)
    OLED_GRAM                                0x20000504   Data        1152  oled.o(.bss)
    __libspace_start                         0x20000984   Data          96  libspace.o(.bss)
    __temporary_stack_top$libspace           0x200009e4   Data           0  libspace.o(.bss)



==============================================================================

Memory Map of the image

  Image Entry point : 0x080000ed

  Load Region LR_IROM1 (Base: 0x08000000, Size: 0x00006bfc, Max: 0x00010000, ABSOLUTE)

    Execution Region ER_IROM1 (Exec base: 0x08000000, Load base: 0x08000000, Size: 0x00006bcc, Max: 0x00010000, ABSOLUTE)

    Exec Addr    Load Addr    Size         Type   Attr      Idx    E Section Name        Object

    0x08000000   0x08000000   0x000000ec   Data   RO            3    RESET               startup_stm32f103xb.o
    0x080000ec   0x080000ec   0x00000008   Code   RO         2488  * !!!main             c_w.l(__main.o)
    0x080000f4   0x080000f4   0x00000034   Code   RO         2756    !!!scatter          c_w.l(__scatter.o)
    0x08000128   0x08000128   0x0000001a   Code   RO         2758    !!handler_copy      c_w.l(__scatter_copy.o)
    0x08000142   0x08000142   0x00000002   PAD
    0x08000144   0x08000144   0x0000001c   Code   RO         2760    !!handler_zi        c_w.l(__scatter_zi.o)
    0x08000160   0x08000160   0x00000000   Code   RO         2477    .ARM.Collect$$_printf_percent$$00000000  c_w.l(_printf_percent.o)
    0x08000160   0x08000160   0x00000006   Code   RO         2476    .ARM.Collect$$_printf_percent$$00000003  c_w.l(_printf_f.o)
    0x08000166   0x08000166   0x00000006   Code   RO         2475    .ARM.Collect$$_printf_percent$$00000009  c_w.l(_printf_d.o)
    0x0800016c   0x0800016c   0x00000004   Code   RO         2539    .ARM.Collect$$_printf_percent$$00000017  c_w.l(_printf_percent_end.o)
    0x08000170   0x08000170   0x00000002   Code   RO         2627    .ARM.Collect$$libinit$$00000000  c_w.l(libinit.o)
    0x08000172   0x08000172   0x00000000   Code   RO         2629    .ARM.Collect$$libinit$$00000002  c_w.l(libinit2.o)
    0x08000172   0x08000172   0x00000000   Code   RO         2631    .ARM.Collect$$libinit$$00000004  c_w.l(libinit2.o)
    0x08000172   0x08000172   0x00000000   Code   RO         2634    .ARM.Collect$$libinit$$0000000A  c_w.l(libinit2.o)
    0x08000172   0x08000172   0x00000000   Code   RO         2636    .ARM.Collect$$libinit$$0000000C  c_w.l(libinit2.o)
    0x08000172   0x08000172   0x00000000   Code   RO         2638    .ARM.Collect$$libinit$$0000000E  c_w.l(libinit2.o)
    0x08000172   0x08000172   0x00000006   Code   RO         2639    .ARM.Collect$$libinit$$0000000F  c_w.l(libinit2.o)
    0x08000178   0x08000178   0x00000000   Code   RO         2641    .ARM.Collect$$libinit$$00000011  c_w.l(libinit2.o)
    0x08000178   0x08000178   0x00000000   Code   RO         2643    .ARM.Collect$$libinit$$00000013  c_w.l(libinit2.o)
    0x08000178   0x08000178   0x00000000   Code   RO         2645    .ARM.Collect$$libinit$$00000015  c_w.l(libinit2.o)
    0x08000178   0x08000178   0x0000000a   Code   RO         2646    .ARM.Collect$$libinit$$00000016  c_w.l(libinit2.o)
    0x08000182   0x08000182   0x00000000   Code   RO         2647    .ARM.Collect$$libinit$$00000017  c_w.l(libinit2.o)
    0x08000182   0x08000182   0x00000000   Code   RO         2649    .ARM.Collect$$libinit$$00000019  c_w.l(libinit2.o)
    0x08000182   0x08000182   0x00000000   Code   RO         2651    .ARM.Collect$$libinit$$0000001B  c_w.l(libinit2.o)
    0x08000182   0x08000182   0x00000000   Code   RO         2653    .ARM.Collect$$libinit$$0000001D  c_w.l(libinit2.o)
    0x08000182   0x08000182   0x00000000   Code   RO         2655    .ARM.Collect$$libinit$$0000001F  c_w.l(libinit2.o)
    0x08000182   0x08000182   0x00000000   Code   RO         2657    .ARM.Collect$$libinit$$00000021  c_w.l(libinit2.o)
    0x08000182   0x08000182   0x00000000   Code   RO         2659    .ARM.Collect$$libinit$$00000023  c_w.l(libinit2.o)
    0x08000182   0x08000182   0x00000000   Code   RO         2661    .ARM.Collect$$libinit$$00000025  c_w.l(libinit2.o)
    0x08000182   0x08000182   0x00000000   Code   RO         2665    .ARM.Collect$$libinit$$0000002C  c_w.l(libinit2.o)
    0x08000182   0x08000182   0x00000000   Code   RO         2667    .ARM.Collect$$libinit$$0000002E  c_w.l(libinit2.o)
    0x08000182   0x08000182   0x00000000   Code   RO         2669    .ARM.Collect$$libinit$$00000030  c_w.l(libinit2.o)
    0x08000182   0x08000182   0x00000000   Code   RO         2671    .ARM.Collect$$libinit$$00000032  c_w.l(libinit2.o)
    0x08000182   0x08000182   0x00000002   Code   RO         2672    .ARM.Collect$$libinit$$00000033  c_w.l(libinit2.o)
    0x08000184   0x08000184   0x00000002   Code   RO         2704    .ARM.Collect$$libshutdown$$00000000  c_w.l(libshutdown.o)
    0x08000186   0x08000186   0x00000000   Code   RO         2715    .ARM.Collect$$libshutdown$$00000002  c_w.l(libshutdown2.o)
    0x08000186   0x08000186   0x00000000   Code   RO         2717    .ARM.Collect$$libshutdown$$00000004  c_w.l(libshutdown2.o)
    0x08000186   0x08000186   0x00000000   Code   RO         2720    .ARM.Collect$$libshutdown$$00000007  c_w.l(libshutdown2.o)
    0x08000186   0x08000186   0x00000000   Code   RO         2723    .ARM.Collect$$libshutdown$$0000000A  c_w.l(libshutdown2.o)
    0x08000186   0x08000186   0x00000000   Code   RO         2725    .ARM.Collect$$libshutdown$$0000000C  c_w.l(libshutdown2.o)
    0x08000186   0x08000186   0x00000000   Code   RO         2728    .ARM.Collect$$libshutdown$$0000000F  c_w.l(libshutdown2.o)
    0x08000186   0x08000186   0x00000002   Code   RO         2729    .ARM.Collect$$libshutdown$$00000010  c_w.l(libshutdown2.o)
    0x08000188   0x08000188   0x00000000   Code   RO         2530    .ARM.Collect$$rtentry$$00000000  c_w.l(__rtentry.o)
    0x08000188   0x08000188   0x00000000   Code   RO         2554    .ARM.Collect$$rtentry$$00000002  c_w.l(__rtentry2.o)
    0x08000188   0x08000188   0x00000006   Code   RO         2566    .ARM.Collect$$rtentry$$00000004  c_w.l(__rtentry4.o)
    0x0800018e   0x0800018e   0x00000000   Code   RO         2556    .ARM.Collect$$rtentry$$00000009  c_w.l(__rtentry2.o)
    0x0800018e   0x0800018e   0x00000004   Code   RO         2557    .ARM.Collect$$rtentry$$0000000A  c_w.l(__rtentry2.o)
    0x08000192   0x08000192   0x00000000   Code   RO         2559    .ARM.Collect$$rtentry$$0000000C  c_w.l(__rtentry2.o)
    0x08000192   0x08000192   0x00000008   Code   RO         2560    .ARM.Collect$$rtentry$$0000000D  c_w.l(__rtentry2.o)
    0x0800019a   0x0800019a   0x00000002   Code   RO         2675    .ARM.Collect$$rtexit$$00000000  c_w.l(rtexit.o)
    0x0800019c   0x0800019c   0x00000000   Code   RO         2682    .ARM.Collect$$rtexit$$00000002  c_w.l(rtexit2.o)
    0x0800019c   0x0800019c   0x00000004   Code   RO         2683    .ARM.Collect$$rtexit$$00000003  c_w.l(rtexit2.o)
    0x080001a0   0x080001a0   0x00000006   Code   RO         2684    .ARM.Collect$$rtexit$$00000004  c_w.l(rtexit2.o)
    0x080001a6   0x080001a6   0x00000002   PAD
    0x080001a8   0x080001a8   0x00000040   Code   RO            4    .text               startup_stm32f103xb.o
    0x080001e8   0x080001e8   0x00000028   Code   RO         2447    .text               c_w.l(noretval__2sprintf.o)
    0x08000210   0x08000210   0x0000004e   Code   RO         2451    .text               c_w.l(_printf_pad.o)
    0x0800025e   0x0800025e   0x00000002   PAD
    0x08000260   0x08000260   0x00000078   Code   RO         2453    .text               c_w.l(_printf_dec.o)
    0x080002d8   0x080002d8   0x00000138   Code   RO         2467    .text               c_w.l(__printf_flags_wp.o)
    0x08000410   0x08000410   0x00000024   Code   RO         2478    .text               c_w.l(strstr.o)
    0x08000434   0x08000434   0x00000058   Code   RO         2480    .text               c_w.l(memcmp.o)
    0x0800048c   0x0800048c   0x00000044   Code   RO         2482    .text               c_w.l(rt_memclr.o)
    0x080004d0   0x080004d0   0x0000004e   Code   RO         2484    .text               c_w.l(rt_memclr_w.o)
    0x0800051e   0x0800051e   0x00000006   Code   RO         2486    .text               c_w.l(heapauxi.o)
    0x08000524   0x08000524   0x000000b2   Code   RO         2531    .text               c_w.l(_printf_intcommon.o)
    0x080005d6   0x080005d6   0x0000041e   Code   RO         2533    .text               c_w.l(_printf_fp_dec.o)
    0x080009f4   0x080009f4   0x00000030   Code   RO         2535    .text               c_w.l(_printf_char_common.o)
    0x08000a24   0x08000a24   0x0000000a   Code   RO         2537    .text               c_w.l(_sputc.o)
    0x08000a2e   0x08000a2e   0x00000002   PAD
    0x08000a30   0x08000a30   0x00000008   Code   RO         2571    .text               c_w.l(rt_locale_intlibspace.o)
    0x08000a38   0x08000a38   0x0000008a   Code   RO         2573    .text               c_w.l(lludiv10.o)
    0x08000ac2   0x08000ac2   0x00000002   PAD
    0x08000ac4   0x08000ac4   0x00000080   Code   RO         2575    .text               c_w.l(_printf_fp_infnan.o)
    0x08000b44   0x08000b44   0x000000e4   Code   RO         2579    .text               c_w.l(bigflt0.o)
    0x08000c28   0x08000c28   0x00000008   Code   RO         2613    .text               c_w.l(libspace.o)
    0x08000c30   0x08000c30   0x0000004a   Code   RO         2616    .text               c_w.l(sys_stackheap_outer.o)
    0x08000c7a   0x08000c7a   0x00000012   Code   RO         2618    .text               c_w.l(exit.o)
    0x08000c8c   0x08000c8c   0x00000080   Code   RO         2620    .text               c_w.l(strcmpv7m.o)
    0x08000d0c   0x08000d0c   0x0000000c   Code   RO         2694    .text               c_w.l(sys_exit.o)
    0x08000d18   0x08000d18   0x00000002   Code   RO         2705    .text               c_w.l(use_no_semi.o)
    0x08000d1a   0x08000d1a   0x00000000   Code   RO         2707    .text               c_w.l(indicate_semi.o)
    0x08000d1a   0x08000d1a   0x0000003e   Code   RO         2582    CL$$btod_d2e        c_w.l(btod.o)
    0x08000d58   0x08000d58   0x00000046   Code   RO         2584    CL$$btod_d2e_denorm_low  c_w.l(btod.o)
    0x08000d9e   0x08000d9e   0x00000060   Code   RO         2583    CL$$btod_d2e_norm_op1  c_w.l(btod.o)
    0x08000dfe   0x08000dfe   0x00000338   Code   RO         2592    CL$$btod_div_common  c_w.l(btod.o)
    0x08001136   0x08001136   0x000000dc   Code   RO         2589    CL$$btod_e2e        c_w.l(btod.o)
    0x08001212   0x08001212   0x0000002a   Code   RO         2586    CL$$btod_ediv       c_w.l(btod.o)
    0x0800123c   0x0800123c   0x0000002a   Code   RO         2585    CL$$btod_emul       c_w.l(btod.o)
    0x08001266   0x08001266   0x00000244   Code   RO         2591    CL$$btod_mult_common  c_w.l(btod.o)
    0x080014aa   0x080014aa   0x00000002   PAD
    0x080014ac   0x080014ac   0x00000056   Code   RO          491    i.ADC_ConversionStop_Disable  stm32f1xx_hal_adc.o
    0x08001502   0x08001502   0x00000002   PAD
    0x08001504   0x08001504   0x0000007c   Code   RO          495    i.ADC_Enable        stm32f1xx_hal_adc.o
    0x08001580   0x08001580   0x00000002   Code   RO          337    i.BusFault_Handler  stm32f1xx_it.o
    0x08001582   0x08001582   0x00000002   PAD
    0x08001584   0x08001584   0x0000001c   Code   RO         2332    i.Coarse_delay_us   dht11.o
    0x080015a0   0x080015a0   0x00000012   Code   RO         2333    i.DHT11             dht11.o
    0x080015b2   0x080015b2   0x00000002   PAD
    0x080015b4   0x080015b4   0x00000020   Code   RO         2334    i.DHT11_Check       dht11.o
    0x080015d4   0x080015d4   0x00000030   Code   RO         2335    i.DHT11_GPIO_MODE_SET  dht11.o
    0x08001604   0x08001604   0x0000003c   Code   RO         2336    i.DHT11_READ_BIT    dht11.o
    0x08001640   0x08001640   0x00000020   Code   RO         2337    i.DHT11_READ_BYTE   dht11.o
    0x08001660   0x08001660   0x00000114   Code   RO         2338    i.DHT11_READ_DATA   dht11.o
    0x08001774   0x08001774   0x00000028   Code   RO         2339    i.DHT11_START       dht11.o
    0x0800179c   0x0800179c   0x0000000c   Code   RO          338    i.DMA1_Channel5_IRQHandler  stm32f1xx_it.o
    0x080017a8   0x080017a8   0x0000002a   Code   RO         1147    i.DMA_SetConfig     stm32f1xx_hal_dma.o
    0x080017d2   0x080017d2   0x00000002   Code   RO          339    i.DebugMon_Handler  stm32f1xx_it.o
    0x080017d4   0x080017d4   0x0000001e   Code   RO          340    i.EXTI15_10_IRQHandler  stm32f1xx_it.o
    0x080017f2   0x080017f2   0x00000004   Code   RO           13    i.Error_Handler     main.o
    0x080017f6   0x080017f6   0x00000002   PAD
    0x080017f8   0x080017f8   0x000000fc   Code   RO          497    i.HAL_ADC_ConfigChannel  stm32f1xx_hal_adc.o
    0x080018f4   0x080018f4   0x00000006   Code   RO          504    i.HAL_ADC_GetValue  stm32f1xx_hal_adc.o
    0x080018fa   0x080018fa   0x00000002   PAD
    0x080018fc   0x080018fc   0x0000011c   Code   RO          506    i.HAL_ADC_Init      stm32f1xx_hal_adc.o
    0x08001a18   0x08001a18   0x00000094   Code   RO          221    i.HAL_ADC_MspInit   adc.o
    0x08001aac   0x08001aac   0x0000013c   Code   RO          510    i.HAL_ADC_PollForConversion  stm32f1xx_hal_adc.o
    0x08001be8   0x08001be8   0x000000c0   Code   RO          512    i.HAL_ADC_Start     stm32f1xx_hal_adc.o
    0x08001ca8   0x08001ca8   0x00000046   Code   RO         1148    i.HAL_DMA_Abort     stm32f1xx_hal_dma.o
    0x08001cee   0x08001cee   0x00000002   PAD
    0x08001cf0   0x08001cf0   0x00000098   Code   RO         1149    i.HAL_DMA_Abort_IT  stm32f1xx_hal_dma.o
    0x08001d88   0x08001d88   0x00000154   Code   RO         1153    i.HAL_DMA_IRQHandler  stm32f1xx_hal_dma.o
    0x08001edc   0x08001edc   0x0000005c   Code   RO         1154    i.HAL_DMA_Init      stm32f1xx_hal_dma.o
    0x08001f38   0x08001f38   0x00000070   Code   RO         1158    i.HAL_DMA_Start_IT  stm32f1xx_hal_dma.o
    0x08001fa8   0x08001fa8   0x00000024   Code   RO          774    i.HAL_Delay         stm32f1xx_hal.o
    0x08001fcc   0x08001fcc   0x00000028   Code   RO          184    i.HAL_GPIO_EXTI_Callback  gpio.o
    0x08001ff4   0x08001ff4   0x00000018   Code   RO         1083    i.HAL_GPIO_EXTI_IRQHandler  stm32f1xx_hal_gpio.o
    0x0800200c   0x0800200c   0x000001e0   Code   RO         1084    i.HAL_GPIO_Init     stm32f1xx_hal_gpio.o
    0x080021ec   0x080021ec   0x0000000a   Code   RO         1086    i.HAL_GPIO_ReadPin  stm32f1xx_hal_gpio.o
    0x080021f6   0x080021f6   0x00000010   Code   RO         1087    i.HAL_GPIO_TogglePin  stm32f1xx_hal_gpio.o
    0x08002206   0x08002206   0x0000000a   Code   RO         1088    i.HAL_GPIO_WritePin  stm32f1xx_hal_gpio.o
    0x08002210   0x08002210   0x0000000c   Code   RO          778    i.HAL_GetTick       stm32f1xx_hal.o
    0x0800221c   0x0800221c   0x00000010   Code   RO          784    i.HAL_IncTick       stm32f1xx_hal.o
    0x0800222c   0x0800222c   0x00000024   Code   RO          785    i.HAL_Init          stm32f1xx_hal.o
    0x08002250   0x08002250   0x00000040   Code   RO          786    i.HAL_InitTick      stm32f1xx_hal.o
    0x08002290   0x08002290   0x0000003c   Code   RO          431    i.HAL_MspInit       stm32f1xx_hal_msp.o
    0x080022cc   0x080022cc   0x0000001a   Code   RO         1244    i.HAL_NVIC_EnableIRQ  stm32f1xx_hal_cortex.o
    0x080022e6   0x080022e6   0x00000002   PAD
    0x080022e8   0x080022e8   0x00000040   Code   RO         1250    i.HAL_NVIC_SetPriority  stm32f1xx_hal_cortex.o
    0x08002328   0x08002328   0x00000024   Code   RO         1251    i.HAL_NVIC_SetPriorityGrouping  stm32f1xx_hal_cortex.o
    0x0800234c   0x0800234c   0x000000a4   Code   RO         1045    i.HAL_RCCEx_GetPeriphCLKFreq  stm32f1xx_hal_rcc_ex.o
    0x080023f0   0x080023f0   0x000000ec   Code   RO         1046    i.HAL_RCCEx_PeriphCLKConfig  stm32f1xx_hal_rcc_ex.o
    0x080024dc   0x080024dc   0x0000012c   Code   RO          942    i.HAL_RCC_ClockConfig  stm32f1xx_hal_rcc.o
    0x08002608   0x08002608   0x0000000c   Code   RO          947    i.HAL_RCC_GetHCLKFreq  stm32f1xx_hal_rcc.o
    0x08002614   0x08002614   0x00000020   Code   RO          949    i.HAL_RCC_GetPCLK1Freq  stm32f1xx_hal_rcc.o
    0x08002634   0x08002634   0x00000020   Code   RO          950    i.HAL_RCC_GetPCLK2Freq  stm32f1xx_hal_rcc.o
    0x08002654   0x08002654   0x0000004c   Code   RO          951    i.HAL_RCC_GetSysClockFreq  stm32f1xx_hal_rcc.o
    0x080026a0   0x080026a0   0x00000320   Code   RO          954    i.HAL_RCC_OscConfig  stm32f1xx_hal_rcc.o
    0x080029c0   0x080029c0   0x00000028   Code   RO         1255    i.HAL_SYSTICK_Config  stm32f1xx_hal_cortex.o
    0x080029e8   0x080029e8   0x00000002   Code   RO         1756    i.HAL_UARTEx_RxEventCallback  stm32f1xx_hal_uart.o
    0x080029ea   0x080029ea   0x00000070   Code   RO         1768    i.HAL_UART_DMAStop  stm32f1xx_hal_uart.o
    0x08002a5a   0x08002a5a   0x00000002   Code   RO         1770    i.HAL_UART_ErrorCallback  stm32f1xx_hal_uart.o
    0x08002a5c   0x08002a5c   0x0000026c   Code   RO         1773    i.HAL_UART_IRQHandler  stm32f1xx_hal_uart.o
    0x08002cc8   0x08002cc8   0x00000064   Code   RO         1774    i.HAL_UART_Init     stm32f1xx_hal_uart.o
    0x08002d2c   0x08002d2c   0x000000b0   Code   RO          293    i.HAL_UART_MspInit  usart.o
    0x08002ddc   0x08002ddc   0x0000001c   Code   RO         1778    i.HAL_UART_Receive_DMA  stm32f1xx_hal_uart.o
    0x08002df8   0x08002df8   0x00000002   Code   RO         1780    i.HAL_UART_RxCpltCallback  stm32f1xx_hal_uart.o
    0x08002dfa   0x08002dfa   0x00000002   Code   RO         1781    i.HAL_UART_RxHalfCpltCallback  stm32f1xx_hal_uart.o
    0x08002dfc   0x08002dfc   0x000000a0   Code   RO         1782    i.HAL_UART_Transmit  stm32f1xx_hal_uart.o
    0x08002e9c   0x08002e9c   0x00000002   Code   RO         1785    i.HAL_UART_TxCpltCallback  stm32f1xx_hal_uart.o
    0x08002e9e   0x08002e9e   0x00000002   Code   RO          341    i.HardFault_Handler  stm32f1xx_it.o
    0x08002ea0   0x08002ea0   0x00000050   Code   RO          222    i.MX_ADC1_Init      adc.o
    0x08002ef0   0x08002ef0   0x00000050   Code   RO          223    i.MX_ADC2_Init      adc.o
    0x08002f40   0x08002f40   0x0000002c   Code   RO          268    i.MX_DMA_Init       dma.o
    0x08002f6c   0x08002f6c   0x000000c4   Code   RO          185    i.MX_GPIO_Init      gpio.o
    0x08003030   0x08003030   0x00000038   Code   RO          294    i.MX_USART1_UART_Init  usart.o
    0x08003068   0x08003068   0x00000002   Code   RO          342    i.MemManage_Handler  stm32f1xx_it.o
    0x0800306a   0x0800306a   0x00000002   Code   RO          343    i.NMI_Handler       stm32f1xx_it.o
    0x0800306c   0x0800306c   0x0000002c   Code   RO         2145    i.OLED_Clear        oled.o
    0x08003098   0x08003098   0x00000018   Code   RO         2146    i.OLED_ColorTurn    oled.o
    0x080030b0   0x080030b0   0x0000002c   Code   RO         2149    i.OLED_DisplayTurn  oled.o
    0x080030dc   0x080030dc   0x0000002c   Code   RO         2152    i.OLED_DrawPoint    oled.o
    0x08003108   0x08003108   0x0000010c   Code   RO         2153    i.OLED_Init         oled.o
    0x08003214   0x08003214   0x0000004c   Code   RO         2155    i.OLED_Refresh      oled.o
    0x08003260   0x08003260   0x000000e4   Code   RO         2157    i.OLED_ShowChar     oled.o
    0x08003344   0x08003344   0x0000003c   Code   RO         2161    i.OLED_ShowString   oled.o
    0x08003380   0x08003380   0x00000070   Code   RO         2162    i.OLED_WR_Byte      oled.o
    0x080033f0   0x080033f0   0x00000002   Code   RO          344    i.PendSV_Handler    stm32f1xx_it.o
    0x080033f2   0x080033f2   0x00000002   Code   RO          345    i.SVC_Handler       stm32f1xx_it.o
    0x080033f4   0x080033f4   0x00000004   Code   RO          346    i.SysTick_Handler   stm32f1xx_it.o
    0x080033f8   0x080033f8   0x00000078   Code   RO           14    i.SystemClock_Config  main.o
    0x08003470   0x08003470   0x00000002   Code   RO         2108    i.SystemInit        system_stm32f1xx.o
    0x08003472   0x08003472   0x00000010   Code   RO         1787    i.UART_DMAAbortOnError  stm32f1xx_hal_uart.o
    0x08003482   0x08003482   0x0000004a   Code   RO         1788    i.UART_DMAError     stm32f1xx_hal_uart.o
    0x080034cc   0x080034cc   0x00000086   Code   RO         1789    i.UART_DMAReceiveCplt  stm32f1xx_hal_uart.o
    0x08003552   0x08003552   0x0000001e   Code   RO         1791    i.UART_DMARxHalfCplt  stm32f1xx_hal_uart.o
    0x08003570   0x08003570   0x0000004e   Code   RO         1797    i.UART_EndRxTransfer  stm32f1xx_hal_uart.o
    0x080035be   0x080035be   0x0000001c   Code   RO         1798    i.UART_EndTxTransfer  stm32f1xx_hal_uart.o
    0x080035da   0x080035da   0x000000c2   Code   RO         1799    i.UART_Receive_IT   stm32f1xx_hal_uart.o
    0x0800369c   0x0800369c   0x000000b8   Code   RO         1800    i.UART_SetConfig    stm32f1xx_hal_uart.o
    0x08003754   0x08003754   0x00000090   Code   RO         1801    i.UART_Start_Receive_DMA  stm32f1xx_hal_uart.o
    0x080037e4   0x080037e4   0x00000072   Code   RO         1803    i.UART_WaitOnFlagUntilTimeout  stm32f1xx_hal_uart.o
    0x08003856   0x08003856   0x00000002   PAD
    0x08003858   0x08003858   0x00000048   Code   RO          347    i.USART1_IRQHandler  stm32f1xx_it.o
    0x080038a0   0x080038a0   0x00000002   Code   RO          348    i.UsageFault_Handler  stm32f1xx_it.o
    0x080038a2   0x080038a2   0x00000028   Code   RO         2611    i.__ARM_fpclassify  m_ws.l(fpclassify.o)
    0x080038ca   0x080038ca   0x00000020   Code   RO         1257    i.__NVIC_SetPriority  stm32f1xx_hal_cortex.o
    0x080038ea   0x080038ea   0x0000000e   Code   RO         2465    i._is_digit         c_w.l(__printf_wp.o)
    0x080038f8   0x080038f8   0x000000e8   Code   RO         2402    i.handle_esp8266    esp8266.o
    0x080039e0   0x080039e0   0x00000244   Code   RO           15    i.main              main.o
    0x08003c24   0x08003c24   0x00000028   Code   RO         2290    i.motor_angle_cal   motor.o
    0x08003c4c   0x08003c4c   0x000000cc   Code   RO         2291    i.motor_controld    motor.o
    0x08003d18   0x08003d18   0x00000080   Code   RO         2403    i.send_wifi         esp8266.o
    0x08003d98   0x08003d98   0x000000f4   Code   RO         2404    i.start_esp8266     esp8266.o
    0x08003e8c   0x08003e8c   0x00000200   Code   RO           16    i.ui_setting        main.o
    0x0800408c   0x0800408c   0x0000002c   Code   RO         2605    locale$$code        c_w.l(lc_numeric_c.o)
    0x080040b8   0x080040b8   0x00000062   Code   RO         2490    x$fpl$d2f           fz_ws.l(d2f.o)
    0x0800411a   0x0800411a   0x00000002   PAD
    0x0800411c   0x0800411c   0x00000150   Code   RO         2492    x$fpl$dadd          fz_ws.l(daddsub_clz.o)
    0x0800426c   0x0800426c   0x00000010   Code   RO         2540    x$fpl$dcheck1       fz_ws.l(dcheck1.o)
    0x0800427c   0x0800427c   0x000002b0   Code   RO         2499    x$fpl$ddiv          fz_ws.l(ddiv.o)
    0x0800452c   0x0800452c   0x0000005e   Code   RO         2502    x$fpl$dfix          fz_ws.l(dfix.o)
    0x0800458a   0x0800458a   0x0000002e   Code   RO         2507    x$fpl$dflt          fz_ws.l(dflt_clz.o)
    0x080045b8   0x080045b8   0x00000026   Code   RO         2506    x$fpl$dfltu         fz_ws.l(dflt_clz.o)
    0x080045de   0x080045de   0x00000002   PAD
    0x080045e0   0x080045e0   0x00000154   Code   RO         2512    x$fpl$dmul          fz_ws.l(dmul.o)
    0x08004734   0x08004734   0x0000009c   Code   RO         2542    x$fpl$dnaninf       fz_ws.l(dnaninf.o)
    0x080047d0   0x080047d0   0x0000000c   Code   RO         2544    x$fpl$dretinf       fz_ws.l(dretinf.o)
    0x080047dc   0x080047dc   0x000001d4   Code   RO         2494    x$fpl$dsub          fz_ws.l(daddsub_clz.o)
    0x080049b0   0x080049b0   0x00000056   Code   RO         2514    x$fpl$f2d           fz_ws.l(f2d.o)
    0x08004a06   0x08004a06   0x00000018   Code   RO         2546    x$fpl$fcmpinf       fz_ws.l(fcmpi.o)
    0x08004a1e   0x08004a1e   0x00000002   PAD
    0x08004a20   0x08004a20   0x00000026   Code   RO         2516    x$fpl$ffltu         fz_ws.l(fflt_clz.o)
    0x08004a46   0x08004a46   0x00000002   PAD
    0x08004a48   0x08004a48   0x00000068   Code   RO         2522    x$fpl$fleqf         fz_ws.l(fleqf.o)
    0x08004ab0   0x08004ab0   0x0000008c   Code   RO         2548    x$fpl$fnaninf       fz_ws.l(fnaninf.o)
    0x08004b3c   0x08004b3c   0x0000000a   Code   RO         2550    x$fpl$fretinf       fz_ws.l(fretinf.o)
    0x08004b46   0x08004b46   0x00000062   Code   RO         2524    x$fpl$frleqf        fz_ws.l(frleqf.o)
    0x08004ba8   0x08004ba8   0x00000004   Code   RO         2526    x$fpl$printf1       fz_ws.l(printf1.o)
    0x08004bac   0x08004bac   0x00000064   Code   RO         2609    x$fpl$retnan        fz_ws.l(retnan.o)
    0x08004c10   0x08004c10   0x0000005c   Code   RO         2528    x$fpl$scalbn        fz_ws.l(scalbn.o)
    0x08004c6c   0x08004c6c   0x00000030   Code   RO         2673    x$fpl$trapveneer    fz_ws.l(trapv.o)
    0x08004c9c   0x08004c9c   0x00000000   Code   RO         2552    x$fpl$usenofp       fz_ws.l(usenofp.o)
    0x08004c9c   0x08004c9c   0x00000012   Data   RO          955    .constdata          stm32f1xx_hal_rcc.o
    0x08004cae   0x08004cae   0x00000012   Data   RO         1047    .constdata          stm32f1xx_hal_rcc_ex.o
    0x08004cc0   0x08004cc0   0x00000010   Data   RO         2109    .constdata          system_stm32f1xx.o
    0x08004cd0   0x08004cd0   0x00000008   Data   RO         2110    .constdata          system_stm32f1xx.o
    0x08004cd8   0x08004cd8   0x00001e10   Data   RO         2165    .constdata          oled.o
    0x08006ae8   0x08006ae8   0x00000011   Data   RO         2468    .constdata          c_w.l(__printf_flags_wp.o)
    0x08006af9   0x08006af9   0x00000003   PAD
    0x08006afc   0x08006afc   0x00000094   Data   RO         2580    .constdata          c_w.l(bigflt0.o)
    0x08006b90   0x08006b90   0x00000020   Data   RO         2754    Region$$Table       anon$$obj.o
    0x08006bb0   0x08006bb0   0x0000001c   Data   RO         2604    locale$$data        c_w.l(lc_numeric_c.o)


    Execution Region RW_IRAM1 (Exec base: 0x20000000, Load base: 0x08006bcc, Size: 0x00000fe8, Max: 0x00005000, ABSOLUTE)

    Exec Addr    Load Addr    Size         Type   Attr      Idx    E Section Name        Object

    0x20000000   0x08006bcc   0x0000000c   Data   RW           17    .data               main.o
    0x2000000c   0x08006bd8   0x00000001   Data   RW          186    .data               gpio.o
    0x2000000d   0x08006bd9   0x00000001   Data   RW          297    .data               usart.o
    0x2000000e   0x08006bda   0x00000001   Data   RW          298    .data               usart.o
    0x2000000f   0x08006bdb   0x00000001   PAD
    0x20000010   0x08006bdc   0x0000000c   Data   RW          792    .data               stm32f1xx_hal.o
    0x2000001c   0x08006be8   0x00000004   Data   RW         2111    .data               system_stm32f1xx.o
    0x20000020   0x08006bec   0x00000004   Data   RW         2292    .data               motor.o
    0x20000024   0x08006bf0   0x00000002   Data   RW         2293    .data               motor.o
    0x20000026   0x08006bf2   0x00000002   PAD
    0x20000028   0x08006bf4   0x00000004   Data   RW         2340    .data               dht11.o
    0x2000002c   0x08006bf8   0x00000001   Data   RW         2405    .data               esp8266.o
    0x2000002d   0x08006bf9   0x00000003   PAD
    0x20000030        -       0x00000060   Zero   RW          224    .bss                adc.o
    0x20000090        -       0x000003e8   Zero   RW          295    .bss                usart.o
    0x20000478        -       0x0000008c   Zero   RW          296    .bss                usart.o
    0x20000504        -       0x00000480   Zero   RW         2164    .bss                oled.o
    0x20000984        -       0x00000060   Zero   RW         2614    .bss                c_w.l(libspace.o)
    0x200009e4   0x08006bf9   0x00000004   PAD
    0x200009e8        -       0x00000200   Zero   RW            2    HEAP                startup_stm32f103xb.o
    0x20000be8        -       0x00000400   Zero   RW            1    STACK               startup_stm32f103xb.o


==============================================================================

Image component sizes


      Code (inc. data)   RO Data    RW Data    ZI Data      Debug   Object Name

       308         42          0          0         96       2310   adc.o
       534         86          0          4          0       4673   dht11.o
        44          4          0          0          0        766   dma.o
       604        214          0          1          0       2330   esp8266.o
       236         24          0          1          0       2001   gpio.o
      1216        156          0         12          0     412534   main.o
       244         22          0          6          0       1483   motor.o
       900         40       7696          0       1152       7051   oled.o
        64         26        236          0       1536        816   startup_stm32f103xb.o
       164         28          0         12          0       5933   stm32f1xx_hal.o
      1260         54          0          0          0       6556   stm32f1xx_hal_adc.o
       198         14          0          0          0      28979   stm32f1xx_hal_cortex.o
       808         36          0          0          0       5014   stm32f1xx_hal_dma.o
       540         40          0          0          0       4751   stm32f1xx_hal_gpio.o
        60          8          0          0          0        882   stm32f1xx_hal_msp.o
      1252         90         18          0          0       5588   stm32f1xx_hal_rcc.o
       400         28         18          0          0       2477   stm32f1xx_hal_rcc_ex.o
      2026         24          0          0          0      15429   stm32f1xx_hal_uart.o
       134         22          0          0          0       5777   stm32f1xx_it.o
         2          0         24          4          0       1131   system_stm32f1xx.o
       232         30          0          2       1140       1941   usart.o

    ----------------------------------------------------------------------
     11242        988       8024         48       3924     518422   Object Totals
         0          0         32          0          0          0   (incl. Generated)
        16          0          0          6          0          0   (incl. Padding)

    ----------------------------------------------------------------------

      Code (inc. data)   RO Data    RW Data    ZI Data      Debug   Library Member Name

         8          0          0          0          0         68   __main.o
       312          4         17          0          0         92   __printf_flags_wp.o
        14          0          0          0          0         68   __printf_wp.o
         0          0          0          0          0          0   __rtentry.o
        12          0          0          0          0          0   __rtentry2.o
         6          0          0          0          0          0   __rtentry4.o
        52          8          0          0          0          0   __scatter.o
        26          0          0          0          0          0   __scatter_copy.o
        28          0          0          0          0          0   __scatter_zi.o
        48          6          0          0          0         96   _printf_char_common.o
         6          0          0          0          0          0   _printf_d.o
       120         16          0          0          0         92   _printf_dec.o
         6          0          0          0          0          0   _printf_f.o
      1054          0          0          0          0        216   _printf_fp_dec.o
       128         16          0          0          0         84   _printf_fp_infnan.o
       178          0          0          0          0         88   _printf_intcommon.o
        78          0          0          0          0        108   _printf_pad.o
         0          0          0          0          0          0   _printf_percent.o
         4          0          0          0          0          0   _printf_percent_end.o
        10          0          0          0          0         68   _sputc.o
       228          4        148          0          0         96   bigflt0.o
      1936        128          0          0          0        672   btod.o
        18          0          0          0          0         80   exit.o
         6          0          0          0          0        152   heapauxi.o
         0          0          0          0          0          0   indicate_semi.o
        44         10         28          0          0         76   lc_numeric_c.o
         2          0          0          0          0          0   libinit.o
        18          0          0          0          0          0   libinit2.o
         2          0          0          0          0          0   libshutdown.o
         2          0          0          0          0          0   libshutdown2.o
         8          4          0          0         96         68   libspace.o
       138          0          0          0          0         80   lludiv10.o
        88          0          0          0          0         76   memcmp.o
        40          6          0          0          0         84   noretval__2sprintf.o
         8          4          0          0          0         68   rt_locale_intlibspace.o
        68          0          0          0          0         68   rt_memclr.o
        78          0          0          0          0         80   rt_memclr_w.o
         2          0          0          0          0          0   rtexit.o
        10          0          0          0          0          0   rtexit2.o
       128          0          0          0          0         68   strcmpv7m.o
        36          0          0          0          0         80   strstr.o
        12          4          0          0          0         68   sys_exit.o
        74          0          0          0          0         80   sys_stackheap_outer.o
         2          0          0          0          0         68   use_no_semi.o
        98          4          0          0          0         92   d2f.o
       804         16          0          0          0        272   daddsub_clz.o
        16          4          0          0          0         68   dcheck1.o
       688        140          0          0          0        208   ddiv.o
        94          4          0          0          0         92   dfix.o
        84          0          0          0          0        136   dflt_clz.o
       340         12          0          0          0        104   dmul.o
       156          4          0          0          0         92   dnaninf.o
        12          0          0          0          0         68   dretinf.o
        86          4          0          0          0         84   f2d.o
        24          0          0          0          0         68   fcmpi.o
        38          0          0          0          0         68   fflt_clz.o
       104          4          0          0          0         84   fleqf.o
       140          4          0          0          0         84   fnaninf.o
        10          0          0          0          0         68   fretinf.o
        98          0          0          0          0         68   frleqf.o
         4          0          0          0          0         68   printf1.o
       100          0          0          0          0         68   retnan.o
        92          0          0          0          0         68   scalbn.o
        48          0          0          0          0         68   trapv.o
         0          0          0          0          0          0   usenofp.o
        40          0          0          0          0         68   fpclassify.o

    ----------------------------------------------------------------------
      8134        406        196          0        100       4940   Library Totals
        20          0          3          0          4          0   (incl. Padding)

    ----------------------------------------------------------------------

      Code (inc. data)   RO Data    RW Data    ZI Data      Debug   Library Name

      5038        210        193          0         96       2944   c_w.l
      3036        196          0          0          0       1928   fz_ws.l
        40          0          0          0          0         68   m_ws.l

    ----------------------------------------------------------------------
      8134        406        196          0        100       4940   Library Totals

    ----------------------------------------------------------------------

==============================================================================


      Code (inc. data)   RO Data    RW Data    ZI Data      Debug   

     19376       1394       8220         48       4024     515454   Grand Totals
     19376       1394       8220         48       4024     515454   ELF Image Totals
     19376       1394       8220         48          0          0   ROM Totals

==============================================================================

    Total RO  Size (Code + RO Data)                27596 (  26.95kB)
    Total RW  Size (RW Data + ZI Data)              4072 (   3.98kB)
    Total ROM Size (Code + RO Data + RW Data)      27644 (  27.00kB)

==============================================================================

